Archive member included to satisfy reference by file (symbol)

../../../libDaisy/build/libdaisy.a(daisy_seed.o)
                              build/oscillator.o (daisy::DaisySeed::Configure())
../../../libDaisy/build/libdaisy.a(codec_ak4556.o)
                              ../../../libDaisy/build/libdaisy.a(daisy_seed.o) (daisy::Ak4556::Init(dsy_gpio_pin))
../../../libDaisy/build/libdaisy.a(codec_wm8731.o)
                              ../../../libDaisy/build/libdaisy.a(daisy_seed.o) (daisy::Wm8731::Init(daisy::Wm8731::Config const&, daisy::I2CHandle))
../../../libDaisy/build/libdaisy.a(sdram.o)
                              ../../../libDaisy/build/libdaisy.a(daisy_seed.o) (SdramHandle::Init())
../../../libDaisy/build/libdaisy.a(audio.o)
                              ../../../libDaisy/build/libdaisy.a(daisy_seed.o) (daisy::AudioHandle::Init(daisy::AudioHandle::Config const&, daisy::SaiHandle))
../../../libDaisy/build/libdaisy.a(adc.o)
                              build/oscillator.o (daisy::AdcChannelConfig::InitSingle(dsy_gpio_pin))
../../../libDaisy/build/libdaisy.a(gpio.o)
                              ../../../libDaisy/build/libdaisy.a(daisy_seed.o) (dsy_gpio_init)
../../../libDaisy/build/libdaisy.a(i2c.o)
                              ../../../libDaisy/build/libdaisy.a(daisy_seed.o) (daisy::I2CHandle::Init(daisy::I2CHandle::Config const&))
../../../libDaisy/build/libdaisy.a(qspi.o)
                              ../../../libDaisy/build/libdaisy.a(daisy_seed.o) (daisy::QSPIHandle::Init(daisy::QSPIHandle::Config const&))
../../../libDaisy/build/libdaisy.a(sai.o)
                              ../../../libDaisy/build/libdaisy.a(daisy_seed.o) (daisy::SaiHandle::Init(daisy::SaiHandle::Config const&))
../../../libDaisy/build/libdaisy.a(system.o)
                              ../../../libDaisy/build/libdaisy.a(daisy_seed.o) (daisy::System::DeInit())
../../../libDaisy/build/libdaisy.a(system_stm32h7xx.o)
                              build/startup_stm32h750xx.o (SystemInit)
../../../libDaisy/build/libdaisy.a(usbd_conf.o)
                              ../../../libDaisy/build/libdaisy.a(system.o) (hpcd_USB_OTG_HS)
../../../libDaisy/build/libdaisy.a(usbh_conf.o)
                              ../../../libDaisy/build/libdaisy.a(system.o) (hhcd_USB_OTG_HS)
../../../libDaisy/build/libdaisy.a(hal_map.o)
                              ../../../libDaisy/build/libdaisy.a(gpio.o) (dsy_hal_map_get_port)
../../../libDaisy/build/libdaisy.a(stm32h7xx_hal.o)
                              ../../../libDaisy/build/libdaisy.a(system.o) (HAL_Init)
../../../libDaisy/build/libdaisy.a(stm32h7xx_hal_adc.o)
                              ../../../libDaisy/build/libdaisy.a(adc.o) (HAL_ADC_ConfigChannel)
../../../libDaisy/build/libdaisy.a(stm32h7xx_hal_adc_ex.o)
                              ../../../libDaisy/build/libdaisy.a(adc.o) (HAL_ADCEx_Calibration_Start)
../../../libDaisy/build/libdaisy.a(stm32h7xx_hal_cortex.o)
                              ../../../libDaisy/build/libdaisy.a(stm32h7xx_hal.o) (HAL_NVIC_SetPriorityGrouping)
../../../libDaisy/build/libdaisy.a(stm32h7xx_hal_dma.o)
                              ../../../libDaisy/build/libdaisy.a(adc.o) (HAL_DMA_Init)
../../../libDaisy/build/libdaisy.a(stm32h7xx_hal_gpio.o)
                              ../../../libDaisy/build/libdaisy.a(sdram.o) (HAL_GPIO_Init)
../../../libDaisy/build/libdaisy.a(stm32h7xx_hal_hcd.o)
                              ../../../libDaisy/build/libdaisy.a(usbh_conf.o) (HAL_HCD_HC_Init)
../../../libDaisy/build/libdaisy.a(stm32h7xx_hal_i2c.o)
                              ../../../libDaisy/build/libdaisy.a(i2c.o) (HAL_I2C_Init)
../../../libDaisy/build/libdaisy.a(stm32h7xx_hal_i2c_ex.o)
                              ../../../libDaisy/build/libdaisy.a(i2c.o) (HAL_I2CEx_ConfigAnalogFilter)
../../../libDaisy/build/libdaisy.a(stm32h7xx_hal_pcd.o)
                              ../../../libDaisy/build/libdaisy.a(usbd_conf.o) (HAL_PCD_Init)
../../../libDaisy/build/libdaisy.a(stm32h7xx_hal_pcd_ex.o)
                              ../../../libDaisy/build/libdaisy.a(usbd_conf.o) (HAL_PCDEx_SetTxFiFo)
../../../libDaisy/build/libdaisy.a(stm32h7xx_hal_pwr_ex.o)
                              ../../../libDaisy/build/libdaisy.a(system.o) (HAL_PWREx_ConfigSupply)
../../../libDaisy/build/libdaisy.a(stm32h7xx_hal_qspi.o)
                              ../../../libDaisy/build/libdaisy.a(qspi.o) (HAL_QSPI_Init)
../../../libDaisy/build/libdaisy.a(stm32h7xx_hal_rcc.o)
                              ../../../libDaisy/build/libdaisy.a(system.o) (HAL_RCC_OscConfig)
../../../libDaisy/build/libdaisy.a(stm32h7xx_hal_rcc_ex.o)
                              ../../../libDaisy/build/libdaisy.a(system.o) (HAL_RCCEx_PeriphCLKConfig)
../../../libDaisy/build/libdaisy.a(stm32h7xx_hal_sai.o)
                              ../../../libDaisy/build/libdaisy.a(sai.o) (HAL_SAI_InitProtocol)
../../../libDaisy/build/libdaisy.a(stm32h7xx_hal_sdram.o)
[...]
Memory Configuration

Name             Origin             Length             Attributes
FLASH            0x0000000008000000 0x0000000000020000 xr
DTCMRAM          0x0000000020000000 0x0000000000020000 xrw
SRAM             0x0000000024000000 0x0000000000080000 xrw
RAM_D2           0x0000000030000000 0x0000000000048000 xrw
RAM_D3           0x0000000038000000 0x0000000000010000 xrw
ITCMRAM          0x0000000000000000 0x0000000000010000 xrw
SDRAM            0x00000000c0000000 0x0000000004000000 xrw
QSPIFLASH        0x0000000090000000 0x0000000000800000 xr
*default*        0x0000000000000000 0xffffffffffffffff

Linker script and memory map

LOAD /Applications/ARM/bin/../lib/gcc/arm-none-eabi/10.3.1/thumb/v7e-m+dp/hard/crti.o
LOAD /Applications/ARM/bin/../lib/gcc/arm-none-eabi/10.3.1/thumb/v7e-m+dp/hard/crtbegin.o
LOAD /Applications/ARM/bin/../lib/gcc/arm-none-eabi/10.3.1/../../../../arm-none-eabi/lib/thumb/v7e-m+dp/hard/crt0.o
LOAD build/startup_stm32h750xx.o
LOAD build/oscillator.o
LOAD ../../../libDaisy/build/libdaisy.a
LOAD /Applications/ARM/bin/../lib/gcc/arm-none-eabi/10.3.1/../../../../arm-none-eabi/lib/thumb/v7e-m+dp/hard/libnosys.a
LOAD ../../../DaisySP/build/libdaisysp.a
LOAD /Applications/ARM/bin/../lib/gcc/arm-none-eabi/10.3.1/../../../../arm-none-eabi/lib/thumb/v7e-m+dp/hard/libstdc++_nano.a
LOAD /Applications/ARM/bin/../lib/gcc/arm-none-eabi/10.3.1/../../../../arm-none-eabi/lib/thumb/v7e-m+dp/hard/libm.a
LOAD /Applications/ARM/bin/../lib/gcc/arm-none-eabi/10.3.1/../../../../arm-none-eabi/lib/thumb/v7e-m+dp/hard/libc_nano.a
START GROUP
LOAD /Applications/ARM/bin/../lib/gcc/arm-none-eabi/10.3.1/thumb/v7e-m+dp/hard/libgcc.a
LOAD /Applications/ARM/bin/../lib/gcc/arm-none-eabi/10.3.1/../../../../arm-none-eabi/lib/thumb/v7e-m+dp/hard/libc_nano.a
END GROUP
START GROUP
LOAD /Applications/ARM/bin/../lib/gcc/arm-none-eabi/10.3.1/thumb/v7e-m+dp/hard/libgcc.a
LOAD /Applications/ARM/bin/../lib/gcc/arm-none-eabi/10.3.1/../../../../arm-none-eabi/lib/thumb/v7e-m+dp/hard/libc_nano.a
LOAD /Applications/ARM/bin/../lib/gcc/arm-none-eabi/10.3.1/../../../../arm-none-eabi/lib/thumb/v7e-m+dp/hard/libnosys.a
END GROUP
START GROUP
LOAD /Applications/ARM/bin/../lib/gcc/arm-none-eabi/10.3.1/thumb/v7e-m+dp/hard/libgcc.a
LOAD /Applications/ARM/bin/../lib/gcc/arm-none-eabi/10.3.1/../../../../arm-none-eabi/lib/thumb/v7e-m+dp/hard/libc_nano.a
LOAD /Applications/ARM/bin/../lib/gcc/arm-none-eabi/10.3.1/../../../../arm-none-eabi/lib/thumb/v7e-m+dp/hard/libnosys.a
END GROUP
LOAD /Applications/ARM/bin/../lib/gcc/arm-none-eabi/10.3.1/thumb/v7e-m+dp/hard/crtend.o
LOAD /Applications/ARM/bin/../lib/gcc/arm-none-eabi/10.3.1/thumb/v7e-m+dp/hard/crtn.o
                0x0000000020020000                _estack = 0x20020000

.isr_vector     0x0000000008000000      0x298
                0x0000000008000000                . = ALIGN (0x4)
 *(.isr_vector)
 .isr_vector    0x0000000008000000      0x298 build/startup_stm32h750xx.o
                0x0000000008000000                g_pfnVectors
                0x0000000008000298                . = ALIGN (0x4)

.text           0x0000000008000298     0xe1c0
                0x0000000008000298                . = ALIGN (0x4)
                0x0000000008000298                _stext = .
 *(.text)
 .text          0x0000000008000298       0x40 /Applications/ARM/bin/../lib/gcc/arm-none-eabi/10.3.1/thumb/v7e-m+dp/hard/crtbegin.o
 .text          0x00000000080002d8      0x378 /Applications/ARM/bin/../lib/gcc/arm-none-eabi/10.3.1/thumb/v7e-m+dp/hard/libgcc.a(_arm_addsubdf3.o)
                0x00000000080002d8                __aeabi_drsub
                0x00000000080002e0                __subdf3
                0x00000000080002e0                __aeabi_dsub
                0x00000000080002e4                __aeabi_dadd
                0x00000000080002e4                __adddf3
                0x000000000800055c                __aeabi_ui2d
                0x000000000800055c                __floatunsidf
                0x000000000800057c                __floatsidf
                0x000000000800057c                __aeabi_i2d
                0x00000000080005a0                __extendsfdf2
                0x00000000080005a0                __aeabi_f2d
                0x00000000080005e4                __aeabi_ul2d
                0x00000000080005e4                __floatundidf
                0x00000000080005f4                __aeabi_l2d
                0x00000000080005f4                __floatdidf
 *(.text*)
 .text.Default_Handler
                0x0000000008000650        0x4 build/startup_stm32h750xx.o
                0x0000000008000650                SAI1_IRQHandler
                0x0000000008000650                HASH_RNG_IRQHandler
                0x0000000008000650                EXTI2_IRQHandler
                0x0000000008000650                TIM8_CC_IRQHandler
                0x0000000008000650                HRTIM1_Master_IRQHandler
                0x0000000008000650                DebugMon_Handler
                0x0000000008000650                UART8_IRQHandler
                0x0000000008000650                SPI4_IRQHandler
                0x0000000008000650                TIM1_CC_IRQHandler
                0x0000000008000650                BDMA_Channel6_IRQHandler
                0x0000000008000650                DMA2_Stream5_IRQHandler
                0x0000000008000650                HRTIM1_FLT_IRQHandler
                0x0000000008000650                JPEG_IRQHandler
                0x0000000008000650                DMA1_Stream5_IRQHandler
                0x0000000008000650                BDMA_Channel1_IRQHandler
                0x0000000008000650                HRTIM1_TIMD_IRQHandler
                0x0000000008000650                TAMP_STAMP_IRQHandler
                0x0000000008000650                PendSV_Handler
                0x0000000008000650                NMI_Handler
                0x0000000008000650                EXTI3_IRQHandler
                0x0000000008000650                LPTIM4_IRQHandler
                0x0000000008000650                TIM8_TRG_COM_TIM14_IRQHandler
                0x0000000008000650                LPTIM2_IRQHandler
                0x0000000008000650                DFSDM1_FLT1_IRQHandler
                0x0000000008000650                DMAMUX2_OVR_IRQHandler
                0x0000000008000650                TIM8_UP_TIM13_IRQHandler
                0x0000000008000650                I2C3_ER_IRQHandler
                0x0000000008000650                DFSDM1_FLT2_IRQHandler
                0x0000000008000650                MDMA_IRQHandler
                0x0000000008000650                LPTIM3_IRQHandler
                0x0000000008000650                HSEM1_IRQHandler
                0x0000000008000650                EXTI0_IRQHandler
                0x0000000008000650                FPU_IRQHandler
                0x0000000008000650                OTG_HS_WKUP_IRQHandler
                0x0000000008000650                FDCAN1_IT1_IRQHandler
                0x0000000008000650                UsageFault_Handler
                0x0000000008000650                LTDC_ER_IRQHandler
                0x0000000008000650                HRTIM1_TIME_IRQHandler
                0x0000000008000650                TIM6_DAC_IRQHandler
                0x0000000008000650                DCMI_IRQHandler
                0x0000000008000650                HRTIM1_TIMC_IRQHandler
                0x0000000008000650                SAI2_IRQHandler
                0x0000000008000650                DFSDM1_FLT3_IRQHandler
                0x0000000008000650                USART6_IRQHandler
                0x0000000008000650                TIM17_IRQHandler
                0x0000000008000650                USART3_IRQHandler
                0x0000000008000650                CRYP_IRQHandler
                0x0000000008000650                BDMA_Channel7_IRQHandler
                0x0000000008000650                LPTIM5_IRQHandler
                0x0000000008000650                UART5_IRQHandler
                0x0000000008000650                ADC3_IRQHandler
                0x0000000008000650                DMA2_Stream0_IRQHandler
                0x0000000008000650                TIM4_IRQHandler
                0x0000000008000650                BDMA_Channel2_IRQHandler
                0x0000000008000650                DMAMUX1_OVR_IRQHandler
                0x0000000008000650                TIM16_IRQHandler
                0x0000000008000650                UART4_IRQHandler
                0x0000000008000650                BDMA_Channel5_IRQHandler
                0x0000000008000650                TIM3_IRQHandler
                0x0000000008000650                RCC_IRQHandler
                0x0000000008000650                TIM8_BRK_TIM12_IRQHandler
                0x0000000008000650                TIM1_TRG_COM_IRQHandler
                0x0000000008000650                Default_Handler
                0x0000000008000650                ECC_IRQHandler
                0x0000000008000650                CEC_IRQHandler
                0x0000000008000650                EXTI15_10_IRQHandler
                0x0000000008000650                BDMA_Channel0_IRQHandler
                0x0000000008000650                ADC_IRQHandler
                0x0000000008000650                DMA1_Stream7_IRQHandler
                0x0000000008000650                HRTIM1_TIMA_IRQHandler
                0x0000000008000650                SPI5_IRQHandler
                0x0000000008000650                TIM7_IRQHandler
                0x0000000008000650                SDMMC1_IRQHandler
                0x0000000008000650                TIM5_IRQHandler
                0x0000000008000650                DMA2_Stream7_IRQHandler
                0x0000000008000650                TIM15_IRQHandler
                0x0000000008000650                PVD_AVD_IRQHandler
                0x0000000008000650                EXTI9_5_IRQHandler
                0x0000000008000650                RTC_WKUP_IRQHandler
                0x0000000008000650                LTDC_IRQHandler
                0x0000000008000650                SAI3_IRQHandler
                0x0000000008000650                ETH_WKUP_IRQHandler
                0x0000000008000650                SPDIF_RX_IRQHandler
                0x0000000008000650                SPI2_IRQHandler
                0x0000000008000650                MemManage_Handler
                0x0000000008000650                SVC_Handler
                0x0000000008000650                CRS_IRQHandler
                0x0000000008000650                EXTI4_IRQHandler
                0x0000000008000650                HRTIM1_TIMB_IRQHandler
                0x0000000008000650                FDCAN2_IT1_IRQHandler
                0x0000000008000650                ETH_IRQHandler
                0x0000000008000650                TIM1_UP_IRQHandler
                0x0000000008000650                BDMA_Channel4_IRQHandler
                0x0000000008000650                WWDG_IRQHandler
                0x0000000008000650                SPI6_IRQHandler
                0x0000000008000650                I2C4_EV_IRQHandler
                0x0000000008000650                MDIOS_IRQHandler
                0x0000000008000650                FDCAN2_IT0_IRQHandler
                0x0000000008000650                LPUART1_IRQHandler
                0x0000000008000650                FDCAN1_IT0_IRQHandler
                0x0000000008000650                TIM2_IRQHandler
                0x0000000008000650                OTG_FS_WKUP_IRQHandler
                0x0000000008000650                DMA2D_IRQHandler
                0x0000000008000650                TIM1_BRK_IRQHandler
                0x0000000008000650                EXTI1_IRQHandler
                0x0000000008000650                SDMMC2_IRQHandler
                0x0000000008000650                OTG_FS_EP1_OUT_IRQHandler
                0x0000000008000650                BDMA_Channel3_IRQHandler
                0x0000000008000650                UART7_IRQHandler
                0x0000000008000650                MDIOS_WKUP_IRQHandler
                0x0000000008000650                USART2_IRQHandler
                0x0000000008000650                DFSDM1_FLT0_IRQHandler
                0x0000000008000650                SAI4_IRQHandler
                0x0000000008000650                I2C2_ER_IRQHandler
                0x0000000008000650                DMA2_Stream1_IRQHandler
                0x0000000008000650                FLASH_IRQHandler
                0x0000000008000650                DMA2_Stream4_IRQHandler
                0x0000000008000650                BusFault_Handler
                0x0000000008000650                USART1_IRQHandler
                0x0000000008000650                OTG_FS_IRQHandler
                0x0000000008000650                SPI3_IRQHandler
                0x0000000008000650                WAKEUP_PIN_IRQHandler
                0x0000000008000650                OTG_FS_EP1_IN_IRQHandler
                0x0000000008000650                I2C1_ER_IRQHandler
                0x0000000008000650                FMC_IRQHandler
                0x0000000008000650                FDCAN_CAL_IRQHandler
                0x0000000008000650                SWPMI1_IRQHandler
                0x0000000008000650                COMP1_IRQHandler
                0x0000000008000650                LPTIM1_IRQHandler
                0x0000000008000650                I2C4_ER_IRQHandler
                0x0000000008000650                DMA2_Stream6_IRQHandler
                0x0000000008000650                RTC_Alarm_IRQHandler
 .text.Reset_Handler
                0x0000000008000654       0x44 build/startup_stm32h750xx.o
                0x0000000008000654                Reset_Handler
 .text._ZN7daisysp10OscillatorD2Ev
                0x0000000008000698        0x4 build/oscillator.o
                0x0000000008000698                daisysp::Oscillator::~Oscillator()
                0x0000000008000698                daisysp::Oscillator::~Oscillator()
 .text._ZN5daisy9DaisySeedD2Ev
                0x000000000800069c        0x4 build/oscillator.o
                0x000000000800069c                daisy::DaisySeed::~DaisySeed()
                0x000000000800069c                daisy::DaisySeed::~DaisySeed()
 .text._ZL13AudioCallbackPKfPfj
                0x00000000080006a0      0x118 build/oscillator.o
 .text._ZN7daisysp10Oscillator4InitEf
                0x00000000080007b8       0x44 build/oscillator.o
                0x00000000080007b8                daisysp::Oscillator::Init(float)
 .text.startup.main
                0x00000000080007fc      0x158 build/oscillator.o
                0x00000000080007fc                main
 .text.startup._GLOBAL__sub_I_main
                0x0000000008000954       0x60 build/oscillator.o
 .text._ZN5daisy9DaisySeed9ConfigureEv
                0x00000000080009b4        0x4 ../../../libDaisy/build/libdaisy.a(daisy_seed.o)
                0x00000000080009b4                daisy::DaisySeed::Configure()
 .text._ZN5daisy9DaisySeed6GetPinEh
                0x00000000080009b8       0x2c ../../../libDaisy/build/libdaisy.a(daisy_seed.o)
                0x00000000080009b8                daisy::DaisySeed::GetPin(unsigned char)
 .text._ZN5daisy9DaisySeed10StartAudioEPFvPKfPfjE
                0x00000000080009e4        0x8 ../../../libDaisy/build/libdaisy.a(daisy_seed.o)
                0x00000000080009e4                daisy::DaisySeed::StartAudio(void (*)(float const*, float*, unsigned int))
 .text._ZN5daisy9DaisySeed15AudioSampleRateEv
                0x00000000080009ec        0x8 ../../../libDaisy/build/libdaisy.a(daisy_seed.o)
                0x00000000080009ec                daisy::DaisySeed::AudioSampleRate()
 .text._ZN5daisy9DaisySeed17SetAudioBlockSizeEj
                0x00000000080009f4       0x38 ../../../libDaisy/build/libdaisy.a(daisy_seed.o)
                0x00000000080009f4                daisy::DaisySeed::SetAudioBlockSize(unsigned int)
 .text._ZN5daisy9DaisySeed14ConfigureAudioEv
                0x0000000008000a2c       0xd0 ../../../libDaisy/build/libdaisy.a(daisy_seed.o)
                0x0000000008000a2c                daisy::DaisySeed::ConfigureAudio()
 .text._ZN5daisy9DaisySeed4InitEb
                0x0000000008000afc       0xf0 ../../../libDaisy/build/libdaisy.a(daisy_seed.o)
                0x0000000008000afc                daisy::DaisySeed::Init(bool)
 .text._ZN5daisy6Ak45564InitE12dsy_gpio_pin
                0x0000000008000bec       0x44 ../../../libDaisy/build/libdaisy.a(codec_ak4556.o)
                0x0000000008000bec                daisy::Ak4556::Init(dsy_gpio_pin)
 .text._ZN5daisy6Wm873120WriteControlRegisterEht
                0x0000000008000c30       0x3c ../../../libDaisy/build/libdaisy.a(codec_wm8731.o)
                0x0000000008000c30                daisy::Wm8731::WriteControlRegister(unsigned char, unsigned short)
 .text._ZN5daisy6Wm87314InitERKNS0_6ConfigENS_9I2CHandleE
                0x0000000008000c6c      0x1bc ../../../libDaisy/build/libdaisy.a(codec_wm8731.o)
                0x0000000008000c6c                daisy::Wm8731::Init(daisy::Wm8731::Config const&, daisy::I2CHandle)
 .text._ZN11SdramHandle10DeviceInitEv
                0x0000000008000e28       0x98 ../../../libDaisy/build/libdaisy.a(sdram.o)
                0x0000000008000e28                SdramHandle::DeviceInit()
 .text._ZN11SdramHandle4InitEv
                0x0000000008000ec0       0x7c ../../../libDaisy/build/libdaisy.a(sdram.o)
                0x0000000008000ec0                SdramHandle::Init()
 .text.HAL_SDRAM_MspInit
                0x0000000008000f3c      0x1a8 ../../../libDaisy/build/libdaisy.a(sdram.o)
                0x0000000008000f3c                HAL_SDRAM_MspInit
 .text._ZN5daisy11AudioHandle4Impl16InternalCallbackEPlS2_j
                0x00000000080010e4      0xbbc ../../../libDaisy/build/libdaisy.a(audio.o)
                0x00000000080010e4                daisy::AudioHandle::Impl::InternalCallback(long*, long*, unsigned int)
 .text._ZN5daisy11AudioHandle4InitERKNS0_6ConfigENS_9SaiHandleE
                0x0000000008001ca0       0x64 ../../../libDaisy/build/libdaisy.a(audio.o)
                0x0000000008001ca0                daisy::AudioHandle::Init(daisy::AudioHandle::Config const&, daisy::SaiHandle)
 .text._ZNK5daisy11AudioHandle9GetConfigEv
                0x0000000008001d04        0x8 ../../../libDaisy/build/libdaisy.a(audio.o)
                0x0000000008001d04                daisy::AudioHandle::GetConfig() const
 .text._ZN5daisy11AudioHandle12SetBlockSizeEj
                0x0000000008001d0c       0x1c ../../../libDaisy/build/libdaisy.a(audio.o)
                0x0000000008001d0c                daisy::AudioHandle::SetBlockSize(unsigned int)
 .text._ZN5daisy11AudioHandle13GetSampleRateEv
                0x0000000008001d28        0x8 ../../../libDaisy/build/libdaisy.a(audio.o)
                0x0000000008001d28                daisy::AudioHandle::GetSampleRate()
 .text._ZN5daisy11AudioHandle5StartEPFvPKfPfjE
                0x0000000008001d30       0x2c ../../../libDaisy/build/libdaisy.a(audio.o)
                0x0000000008001d30                daisy::AudioHandle::Start(void (*)(float const*, float*, unsigned int))
 .text.startup._GLOBAL__sub_I__ZN5daisy11AudioHandle4Impl4InitENS0_6ConfigENS_9SaiHandleE
                0x0000000008001d5c       0x10 ../../../libDaisy/build/libdaisy.a(audio.o)
 .text._ZN5daisy16AdcChannelConfig10InitSingleE12dsy_gpio_pin
                0x0000000008001d6c       0x1c ../../../libDaisy/build/libdaisy.a(adc.o)
                0x0000000008001d6c                daisy::AdcChannelConfig::InitSingle(dsy_gpio_pin)
 .text._ZN5daisy9AdcHandle4InitEPNS_16AdcChannelConfigEjNS0_12OverSamplingE
                0x0000000008001d88      0x3c8 ../../../libDaisy/build/libdaisy.a(adc.o)
                0x0000000008001d88                daisy::AdcHandle::Init(daisy::AdcChannelConfig*, unsigned int, daisy::AdcHandle::OverSampling)
 .text._ZN5daisy9AdcHandle5StartEv
                0x0000000008002150       0x2c ../../../libDaisy/build/libdaisy.a(adc.o)
                0x0000000008002150                daisy::AdcHandle::Start()
 .text._ZNK5daisy9AdcHandle8GetFloatEh
                0x000000000800217c       0x20 ../../../libDaisy/build/libdaisy.a(adc.o)
                0x000000000800217c                daisy::AdcHandle::GetFloat(unsigned char) const
 .text.HAL_ADC_MspInit
                0x000000000800219c       0x98 ../../../libDaisy/build/libdaisy.a(adc.o)
                0x000000000800219c                HAL_ADC_MspInit
 .text.DMA1_Stream2_IRQHandler
                0x0000000008002234        0xc ../../../libDaisy/build/libdaisy.a(adc.o)
                0x0000000008002234                DMA1_Stream2_IRQHandler
 .text.HAL_ADC_ConvCpltCallback
                0x0000000008002240      0x148 ../../../libDaisy/build/libdaisy.a(adc.o)
                0x0000000008002240                HAL_ADC_ConvCpltCallback
 .text.HAL_ADC_ErrorCallback
                0x0000000008002388        0x4 ../../../libDaisy/build/libdaisy.a(adc.o)
                0x0000000008002388                HAL_ADC_ErrorCallback
 .text.dsy_gpio_init
                0x000000000800238c      0x1b8 ../../../libDaisy/build/libdaisy.a(gpio.o)
                0x000000000800238c                dsy_gpio_init
 .text.dsy_gpio_read
                0x0000000008002544       0x1c ../../../libDaisy/build/libdaisy.a(gpio.o)
                0x0000000008002544                dsy_gpio_read
 .text.dsy_gpio_write
                0x0000000008002560       0x24 ../../../libDaisy/build/libdaisy.a(gpio.o)
                0x0000000008002560                dsy_gpio_write
 .text._ZN5daisy9I2CHandle4Impl8InitPinsEv
                0x0000000008002584       0x58 ../../../libDaisy/build/libdaisy.a(i2c.o)
                0x0000000008002584                daisy::I2CHandle::Impl::InitPins()
 .text.HAL_I2C_MspInit
                0x00000000080025dc      0x1b4 ../../../libDaisy/build/libdaisy.a(i2c.o)
                0x00000000080025dc                HAL_I2C_MspInit
 .text.dsy_i2c_global_init
                0x0000000008002790       0x78 ../../../libDaisy/build/libdaisy.a(i2c.o)
                0x0000000008002790                dsy_i2c_global_init
 .text.DMA1_Stream6_IRQHandler
                0x0000000008002808       0x34 ../../../libDaisy/build/libdaisy.a(i2c.o)
                0x0000000008002808                DMA1_Stream6_IRQHandler
 .text.I2C1_EV_IRQHandler
                0x000000000800283c        0xc ../../../libDaisy/build/libdaisy.a(i2c.o)
                0x000000000800283c                I2C1_EV_IRQHandler
 .text.I2C2_EV_IRQHandler
                0x0000000008002848        0xc ../../../libDaisy/build/libdaisy.a(i2c.o)
                0x0000000008002848                I2C2_EV_IRQHandler
 .text.I2C3_EV_IRQHandler
                0x0000000008002854        0xc ../../../libDaisy/build/libdaisy.a(i2c.o)
                0x0000000008002854                I2C3_EV_IRQHandler
 .text._ZN5daisy9I2CHandle4InitERKNS0_6ConfigE
                0x0000000008002860      0x12c ../../../libDaisy/build/libdaisy.a(i2c.o)
                0x0000000008002860                daisy::I2CHandle::Init(daisy::I2CHandle::Config const&)
 .text._ZN5daisy9I2CHandle16TransmitBlockingEtPhtm
                0x000000000800298c       0x50 ../../../libDaisy/build/libdaisy.a(i2c.o)
                0x000000000800298c                daisy::I2CHandle::TransmitBlocking(unsigned short, unsigned char*, unsigned short, unsigned long)
 .text.startup._GLOBAL__sub_I__ZN5daisy9I2CHandle4Impl10GlobalInitEv
                0x00000000080029dc       0x18 ../../../libDaisy/build/libdaisy.a(i2c.o)
 .text._ZN5daisy10QSPIHandle4Impl11WriteEnableEv
                0x00000000080029f4       0x8c ../../../libDaisy/build/libdaisy.a(qspi.o)
                0x00000000080029f4                daisy::QSPIHandle::Impl::WriteEnable()
 .text._ZN5daisy10QSPIHandle4Impl17DummyCyclesConfigENS0_6Config6DeviceE
                0x0000000008002a80      0x118 ../../../libDaisy/build/libdaisy.a(qspi.o)
                0x0000000008002a80                daisy::QSPIHandle::Impl::DummyCyclesConfig(daisy::QSPIHandle::Config::Device)
 .text._ZN5daisy10QSPIHandle4Impl10QuadEnableEv
                0x0000000008002b98      0x158 ../../../libDaisy/build/libdaisy.a(qspi.o)
                0x0000000008002b98                daisy::QSPIHandle::Impl::QuadEnable()
 .text._ZN5daisy10QSPIHandle4InitERKNS0_6ConfigE
                0x0000000008002cf0      0x198 ../../../libDaisy/build/libdaisy.a(qspi.o)
                0x0000000008002cf0                daisy::QSPIHandle::Init(daisy::QSPIHandle::Config const&)
 .text.HAL_QSPI_MspInit
                0x0000000008002e88      0x11c ../../../libDaisy/build/libdaisy.a(qspi.o)
                0x0000000008002e88                HAL_QSPI_MspInit
 .text.HAL_QSPI_MspDeInit
                0x0000000008002fa4       0x54 ../../../libDaisy/build/libdaisy.a(qspi.o)
                0x0000000008002fa4                HAL_QSPI_MspDeInit
 .text.QUADSPI_IRQHandler
                0x0000000008002ff8        0xc ../../../libDaisy/build/libdaisy.a(qspi.o)
                0x0000000008002ff8                QUADSPI_IRQHandler
 .text.startup._GLOBAL__sub_I__ZN5daisy10QSPIHandle4Impl4InitERKNS0_6ConfigE
                0x0000000008003004       0x28 ../../../libDaisy/build/libdaisy.a(qspi.o)
 .text._ZN5daisy9SaiHandle4Impl7InitDmaENS1_15PeripheralBlockE
                0x000000000800302c       0xa0 ../../../libDaisy/build/libdaisy.a(sai.o)
                0x000000000800302c                daisy::SaiHandle::Impl::InitDma(daisy::SaiHandle::Impl::PeripheralBlock)
 .text._ZN5daisy9SaiHandle4Impl8InitPinsEv
                0x00000000080030cc       0xa8 ../../../libDaisy/build/libdaisy.a(sai.o)
                0x00000000080030cc                daisy::SaiHandle::Impl::InitPins()
 .text.HAL_SAI_MspInit
                0x0000000008003174      0x164 ../../../libDaisy/build/libdaisy.a(sai.o)
                0x0000000008003174                HAL_SAI_MspInit
 .text.DMA1_Stream0_IRQHandler
                0x00000000080032d8        0xc ../../../libDaisy/build/libdaisy.a(sai.o)
                0x00000000080032d8                DMA1_Stream0_IRQHandler
 .text.DMA1_Stream1_IRQHandler
                0x00000000080032e4        0xc ../../../libDaisy/build/libdaisy.a(sai.o)
                0x00000000080032e4                DMA1_Stream1_IRQHandler
 .text.DMA1_Stream3_IRQHandler
                0x00000000080032f0        0xc ../../../libDaisy/build/libdaisy.a(sai.o)
                0x00000000080032f0                DMA1_Stream3_IRQHandler
 .text.DMA1_Stream4_IRQHandler
                0x00000000080032fc        0xc ../../../libDaisy/build/libdaisy.a(sai.o)
                0x00000000080032fc                DMA1_Stream4_IRQHandler
 .text.HAL_SAI_RxHalfCpltCallback
                0x0000000008003308       0x78 ../../../libDaisy/build/libdaisy.a(sai.o)
                0x0000000008003308                HAL_SAI_RxHalfCpltCallback
 .text.HAL_SAI_RxCpltCallback
                0x0000000008003380       0x70 ../../../libDaisy/build/libdaisy.a(sai.o)
                0x0000000008003380                HAL_SAI_RxCpltCallback
 .text._ZN5daisy9SaiHandle4InitERKNS0_6ConfigE
                0x00000000080033f0      0x1f0 ../../../libDaisy/build/libdaisy.a(sai.o)
                0x00000000080033f0                daisy::SaiHandle::Init(daisy::SaiHandle::Config const&)
 .text._ZNK5daisy9SaiHandle9GetConfigEv
                0x00000000080035e0        0x4 ../../../libDaisy/build/libdaisy.a(sai.o)
                0x00000000080035e0                daisy::SaiHandle::GetConfig() const
 .text._ZN5daisy9SaiHandle8StartDmaEPlS1_jPFvS1_S1_jE
                0x00000000080035e4       0xbc ../../../libDaisy/build/libdaisy.a(sai.o)
                0x00000000080035e4                daisy::SaiHandle::StartDma(long*, long*, unsigned int, void (*)(long*, long*, unsigned int))
 .text._ZN5daisy9SaiHandle13GetSampleRateEv
                0x00000000080036a0       0x24 ../../../libDaisy/build/libdaisy.a(sai.o)
                0x00000000080036a0                daisy::SaiHandle::GetSampleRate()
 .text._ZNK5daisy9SaiHandle9GetOffsetEv
                0x00000000080036c4        0x8 ../../../libDaisy/build/libdaisy.a(sai.o)
                0x00000000080036c4                daisy::SaiHandle::GetOffset() const
 .text._ZN5daisy11TimerHandleD2Ev
                0x00000000080036cc        0x4 ../../../libDaisy/build/libdaisy.a(system.o)
                0x00000000080036cc                daisy::TimerHandle::~TimerHandle()
                0x00000000080036cc                daisy::TimerHandle::~TimerHandle()
 .text.SysTick_Handler
                0x00000000080036d0       0x10 ../../../libDaisy/build/libdaisy.a(system.o)
                0x00000000080036d0                SysTick_Handler
 .text.OTG_HS_EP1_OUT_IRQHandler
                0x00000000080036e0       0x24 ../../../libDaisy/build/libdaisy.a(system.o)
                0x00000000080036e0                OTG_HS_EP1_OUT_IRQHandler
 .text.OTG_HS_EP1_IN_IRQHandler
                0x0000000008003704       0x24 ../../../libDaisy/build/libdaisy.a(system.o)
                0x0000000008003704                OTG_HS_EP1_IN_IRQHandler
 .text.OTG_HS_IRQHandler
                0x0000000008003728       0x24 ../../../libDaisy/build/libdaisy.a(system.o)
                0x0000000008003728                OTG_HS_IRQHandler
 .text.HardFault_Handler
                0x000000000800374c       0xe0 ../../../libDaisy/build/libdaisy.a(system.o)
                0x000000000800374c                HardFault_Handler
 .text._ZN5daisy6System5DelayEm
                0x000000000800382c        0x4 ../../../libDaisy/build/libdaisy.a(system.o)
                0x000000000800382c                daisy::System::Delay(unsigned long)
 .text._ZN5daisy6System15ConfigureClocksEv
                0x0000000008003830      0x194 ../../../libDaisy/build/libdaisy.a(system.o)
                0x0000000008003830                daisy::System::ConfigureClocks()
 .text._ZN5daisy6System4InitERKNS0_6ConfigE
                0x00000000080039c4      0x12c ../../../libDaisy/build/libdaisy.a(system.o)
                0x00000000080039c4                daisy::System::Init(daisy::System::Config const&)
 .text._ZN5daisy6System12GetPClk1FreqEv
                0x0000000008003af0        0x4 ../../../libDaisy/build/libdaisy.a(system.o)
                0x0000000008003af0                daisy::System::GetPClk1Freq()
 .text._ZN5daisy6System22GetProgramMemoryRegionEv
                0x0000000008003af4       0x78 ../../../libDaisy/build/libdaisy.a(system.o)
                0x0000000008003af4                daisy::System::GetProgramMemoryRegion()
 .text.startup._GLOBAL__sub_I_SysTick_Handler
                0x0000000008003b6c       0x1c ../../../libDaisy/build/libdaisy.a(system.o)
 .text.SystemInit
                0x0000000008003b88       0x9c ../../../libDaisy/build/libdaisy.a(system_stm32h7xx.o)
                0x0000000008003b88                SystemInit
 .text.HAL_PCD_SetupStageCallback
                0x0000000008003c24        0xc ../../../libDaisy/build/libdaisy.a(usbd_conf.o)
                0x0000000008003c24                HAL_PCD_SetupStageCallback
 .text.HAL_PCD_DataOutStageCallback
                0x0000000008003c30       0x14 ../../../libDaisy/build/libdaisy.a(usbd_conf.o)
                0x0000000008003c30                HAL_PCD_DataOutStageCallback
 .text.HAL_PCD_DataInStageCallback
                0x0000000008003c44       0x14 ../../../libDaisy/build/libdaisy.a(usbd_conf.o)
                0x0000000008003c44                HAL_PCD_DataInStageCallback
 .text.HAL_PCD_SOFCallback
                0x0000000008003c58        0x8 ../../../libDaisy/build/libdaisy.a(usbd_conf.o)
                0x0000000008003c58                HAL_PCD_SOFCallback
 .text.HAL_PCD_ResetCallback
                0x0000000008003c60       0x24 ../../../libDaisy/build/libdaisy.a(usbd_conf.o)
                0x0000000008003c60                HAL_PCD_ResetCallback
 .text.HAL_PCD_SuspendCallback
                0x0000000008003c84       0x30 ../../../libDaisy/build/libdaisy.a(usbd_conf.o)
                0x0000000008003c84                HAL_PCD_SuspendCallback
 .text.HAL_PCD_ResumeCallback
                0x0000000008003cb4        0x8 ../../../libDaisy/build/libdaisy.a(usbd_conf.o)
                0x0000000008003cb4                HAL_PCD_ResumeCallback
 .text.HAL_PCD_ISOOUTIncompleteCallback
                0x0000000008003cbc        0x8 ../../../libDaisy/build/libdaisy.a(usbd_conf.o)
                0x0000000008003cbc                HAL_PCD_ISOOUTIncompleteCallback
 .text.HAL_PCD_ISOINIncompleteCallback
                0x0000000008003cc4        0x8 ../../../libDaisy/build/libdaisy.a(usbd_conf.o)
                0x0000000008003cc4                HAL_PCD_ISOINIncompleteCallback
 .text.HAL_PCD_ConnectCallback
                0x0000000008003ccc        0x8 ../../../libDaisy/build/libdaisy.a(usbd_conf.o)
                0x0000000008003ccc                HAL_PCD_ConnectCallback
 .text.HAL_PCD_DisconnectCallback
                0x0000000008003cd4        0x8 ../../../libDaisy/build/libdaisy.a(usbd_conf.o)
                0x0000000008003cd4                HAL_PCD_DisconnectCallback
 .text.USBD_LL_OpenEP
                0x0000000008003cdc       0x24 ../../../libDaisy/build/libdaisy.a(usbd_conf.o)
                0x0000000008003cdc                USBD_LL_OpenEP
 .text.USBD_LL_StallEP
                0x0000000008003d00       0x1c ../../../libDaisy/build/libdaisy.a(usbd_conf.o)
                0x0000000008003d00                USBD_LL_StallEP
 .text.USBD_LL_ClearStallEP
                0x0000000008003d1c       0x1c ../../../libDaisy/build/libdaisy.a(usbd_conf.o)
                0x0000000008003d1c                USBD_LL_ClearStallEP
 .text.USBD_LL_IsStallEP
                0x0000000008003d38       0x28 ../../../libDaisy/build/libdaisy.a(usbd_conf.o)
                0x0000000008003d38                USBD_LL_IsStallEP
 .text.USBD_LL_SetUSBAddress
                0x0000000008003d60       0x1c ../../../libDaisy/build/libdaisy.a(usbd_conf.o)
                0x0000000008003d60                USBD_LL_SetUSBAddress
 .text.USBD_LL_Transmit
                0x0000000008003d7c       0x1c ../../../libDaisy/build/libdaisy.a(usbd_conf.o)
                0x0000000008003d7c                USBD_LL_Transmit
 .text.USBD_LL_PrepareReceive
                0x0000000008003d98       0x1c ../../../libDaisy/build/libdaisy.a(usbd_conf.o)
                0x0000000008003d98                USBD_LL_PrepareReceive
 .text.HAL_HCD_SOF_Callback
                0x0000000008003db4        0x8 ../../../libDaisy/build/libdaisy.a(usbh_conf.o)
                0x0000000008003db4                HAL_HCD_SOF_Callback
 .text.HAL_HCD_Connect_Callback
                0x0000000008003dbc        0x8 ../../../libDaisy/build/libdaisy.a(usbh_conf.o)
                0x0000000008003dbc                HAL_HCD_Connect_Callback
 .text.HAL_HCD_Disconnect_Callback
                0x0000000008003dc4        0x8 ../../../libDaisy/build/libdaisy.a(usbh_conf.o)
                0x0000000008003dc4                HAL_HCD_Disconnect_Callback
 .text.HAL_HCD_HC_NotifyURBChange_Callback
                0x0000000008003dcc        0x4 ../../../libDaisy/build/libdaisy.a(usbh_conf.o)
                0x0000000008003dcc                HAL_HCD_HC_NotifyURBChange_Callback
 .text.HAL_HCD_PortEnabled_Callback
                0x0000000008003dd0        0x8 ../../../libDaisy/build/libdaisy.a(usbh_conf.o)
                0x0000000008003dd0                HAL_HCD_PortEnabled_Callback
 .text.HAL_HCD_PortDisabled_Callback
                0x0000000008003dd8        0x8 ../../../libDaisy/build/libdaisy.a(usbh_conf.o)
                0x0000000008003dd8                HAL_HCD_PortDisabled_Callback
 .text.USBH_LL_Stop
                0x0000000008003de0       0x1c ../../../libDaisy/build/libdaisy.a(usbh_conf.o)
                0x0000000008003de0                USBH_LL_Stop
 .text.dsy_hal_map_get_port
                0x0000000008003dfc       0x10 ../../../libDaisy/build/libdaisy.a(hal_map.o)
                0x0000000008003dfc                dsy_hal_map_get_port
 .text.dsy_hal_map_get_pin
                0x0000000008003e0c       0x10 ../../../libDaisy/build/libdaisy.a(hal_map.o)
                0x0000000008003e0c                dsy_hal_map_get_pin
 .text.dsy_hal_map_gpio_clk_enable
                0x0000000008003e1c      0x150 ../../../libDaisy/build/libdaisy.a(hal_map.o)
                0x0000000008003e1c                dsy_hal_map_gpio_clk_enable
 .text.HAL_MspInit
                0x0000000008003f6c        0x4 ../../../libDaisy/build/libdaisy.a(stm32h7xx_hal.o)
                0x0000000008003f6c                HAL_MspInit
 .text.HAL_InitTick
                0x0000000008003f70       0x4c ../../../libDaisy/build/libdaisy.a(stm32h7xx_hal.o)
                0x0000000008003f70                HAL_InitTick
 .text.HAL_Init
                0x0000000008003fbc       0x60 ../../../libDaisy/build/libdaisy.a(stm32h7xx_hal.o)
                0x0000000008003fbc                HAL_Init
 .text.HAL_IncTick
                0x000000000800401c       0x18 ../../../libDaisy/build/libdaisy.a(stm32h7xx_hal.o)
                0x000000000800401c                HAL_IncTick
 .text.HAL_GetTick
                0x0000000008004034        0xc ../../../libDaisy/build/libdaisy.a(stm32h7xx_hal.o)
                0x0000000008004034                HAL_GetTick
 .text.HAL_Delay
                0x0000000008004040       0x24 ../../../libDaisy/build/libdaisy.a(stm32h7xx_hal.o)
                0x0000000008004040                HAL_Delay
 .text.HAL_GetREVID
                0x0000000008004064        0xc ../../../libDaisy/build/libdaisy.a(stm32h7xx_hal.o)
                0x0000000008004064                HAL_GetREVID
 .text.HAL_ADC_ConvHalfCpltCallback
                0x0000000008004070        0x4 ../../../libDaisy/build/libdaisy.a(stm32h7xx_hal_adc.o)
                0x0000000008004070                HAL_ADC_ConvHalfCpltCallback
 .text.ADC_DMAHalfConvCplt
                0x0000000008004074        0xc ../../../libDaisy/build/libdaisy.a(stm32h7xx_hal_adc.o)
                0x0000000008004074                ADC_DMAHalfConvCplt
 .text.ADC_DMAConvCplt
                0x0000000008004080       0x6c ../../../libDaisy/build/libdaisy.a(stm32h7xx_hal_adc.o)
                0x0000000008004080                ADC_DMAConvCplt
 .text.ADC_DMAError
                0x00000000080040ec       0x1c ../../../libDaisy/build/libdaisy.a(stm32h7xx_hal_adc.o)
                0x00000000080040ec                ADC_DMAError
 .text.HAL_ADC_ConfigChannel
                0x0000000008004108      0x3fc ../../../libDaisy/build/libdaisy.a(stm32h7xx_hal_adc.o)
                0x0000000008004108                HAL_ADC_ConfigChannel
 .text.ADC_Enable
                0x0000000008004504       0xac ../../../libDaisy/build/libdaisy.a(stm32h7xx_hal_adc.o)
                0x0000000008004504                ADC_Enable
 .text.HAL_ADC_Start_DMA
                0x00000000080045b0      0x114 ../../../libDaisy/build/libdaisy.a(stm32h7xx_hal_adc.o)
                0x00000000080045b0                HAL_ADC_Start_DMA
 .text.ADC_Disable
                0x00000000080046c4       0x68 ../../../libDaisy/build/libdaisy.a(stm32h7xx_hal_adc.o)
                0x00000000080046c4                ADC_Disable
 .text.ADC_ConfigureBoostMode
                0x000000000800472c      0x184 ../../../libDaisy/build/libdaisy.a(stm32h7xx_hal_adc.o)
                0x000000000800472c                ADC_ConfigureBoostMode
 .text.HAL_ADC_Init
                0x00000000080048b0      0x218 ../../../libDaisy/build/libdaisy.a(stm32h7xx_hal_adc.o)
                0x00000000080048b0                HAL_ADC_Init
 .text.HAL_ADCEx_Calibration_Start
                0x0000000008004ac8       0xa4 ../../../libDaisy/build/libdaisy.a(stm32h7xx_hal_adc_ex.o)
                0x0000000008004ac8                HAL_ADCEx_Calibration_Start
 .text.HAL_ADCEx_MultiModeConfigChannel
                0x0000000008004b6c       0xc4 ../../../libDaisy/build/libdaisy.a(stm32h7xx_hal_adc_ex.o)
                0x0000000008004b6c                HAL_ADCEx_MultiModeConfigChannel
 .text.HAL_NVIC_SetPriorityGrouping
                0x0000000008004c30       0x24 ../../../libDaisy/build/libdaisy.a(stm32h7xx_hal_cortex.o)
                0x0000000008004c30                HAL_NVIC_SetPriorityGrouping
 .text.HAL_NVIC_SetPriority
                0x0000000008004c54       0x7c ../../../libDaisy/build/libdaisy.a(stm32h7xx_hal_cortex.o)
                0x0000000008004c54                HAL_NVIC_SetPriority
 .text.HAL_NVIC_EnableIRQ
                0x0000000008004cd0       0x1c ../../../libDaisy/build/libdaisy.a(stm32h7xx_hal_cortex.o)
                0x0000000008004cd0                HAL_NVIC_EnableIRQ
 .text.HAL_NVIC_DisableIRQ
                0x0000000008004cec       0x28 ../../../libDaisy/build/libdaisy.a(stm32h7xx_hal_cortex.o)
                0x0000000008004cec                HAL_NVIC_DisableIRQ
 .text.HAL_SYSTICK_Config
                0x0000000008004d14       0x2c ../../../libDaisy/build/libdaisy.a(stm32h7xx_hal_cortex.o)
                0x0000000008004d14                HAL_SYSTICK_Config
 .text.HAL_MPU_Disable
                0x0000000008004d40       0x1c ../../../libDaisy/build/libdaisy.a(stm32h7xx_hal_cortex.o)
                0x0000000008004d40                HAL_MPU_Disable
 .text.HAL_MPU_Enable
                0x0000000008004d5c       0x20 ../../../libDaisy/build/libdaisy.a(stm32h7xx_hal_cortex.o)
                0x0000000008004d5c                HAL_MPU_Enable
 .text.HAL_MPU_ConfigRegion
                0x0000000008004d7c       0x64 ../../../libDaisy/build/libdaisy.a(stm32h7xx_hal_cortex.o)
                0x0000000008004d7c                HAL_MPU_ConfigRegion
 .text.HAL_SYSTICK_Callback
                0x0000000008004de0        0x4 ../../../libDaisy/build/libdaisy.a(stm32h7xx_hal_cortex.o)
                0x0000000008004de0                HAL_SYSTICK_Callback
 .text.HAL_SYSTICK_IRQHandler
                0x0000000008004de4        0x8 ../../../libDaisy/build/libdaisy.a(stm32h7xx_hal_cortex.o)
                0x0000000008004de4                HAL_SYSTICK_IRQHandler
 .text.DMA_CalcBaseAndBitshift
                0x0000000008004dec       0xf4 ../../../libDaisy/build/libdaisy.a(stm32h7xx_hal_dma.o)
 .text.DMA_CalcDMAMUXChannelBaseAndMask
                0x0000000008004ee0       0xd8 ../../../libDaisy/build/libdaisy.a(stm32h7xx_hal_dma.o)
 .text.HAL_DMA_Init
                0x0000000008004fb8      0x37c ../../../libDaisy/build/libdaisy.a(stm32h7xx_hal_dma.o)
                0x0000000008004fb8                HAL_DMA_Init
 .text.HAL_DMA_Start_IT
                0x0000000008005334      0x240 ../../../libDaisy/build/libdaisy.a(stm32h7xx_hal_dma.o)
                0x0000000008005334                HAL_DMA_Start_IT
 .text.HAL_DMA_Abort_IT
                0x0000000008005574      0x134 ../../../libDaisy/build/libdaisy.a(stm32h7xx_hal_dma.o)
                0x0000000008005574                HAL_DMA_Abort_IT
 .text.HAL_DMA_IRQHandler
                0x00000000080056a8      0x6a0 ../../../libDaisy/build/libdaisy.a(stm32h7xx_hal_dma.o)
                0x00000000080056a8                HAL_DMA_IRQHandler
 .text.HAL_DMA_GetError
                0x0000000008005d48        0x4 ../../../libDaisy/build/libdaisy.a(stm32h7xx_hal_dma.o)
                0x0000000008005d48                HAL_DMA_GetError
 .text.HAL_GPIO_Init
                0x0000000008005d4c      0x280 ../../../libDaisy/build/libdaisy.a(stm32h7xx_hal_gpio.o)
                0x0000000008005d4c                HAL_GPIO_Init
 .text.HAL_GPIO_DeInit
                0x0000000008005fcc      0x190 ../../../libDaisy/build/libdaisy.a(stm32h7xx_hal_gpio.o)
                0x0000000008005fcc                HAL_GPIO_DeInit
 .text.HAL_GPIO_ReadPin
                0x000000000800615c        0xc ../../../libDaisy/build/libdaisy.a(stm32h7xx_hal_gpio.o)
                0x000000000800615c                HAL_GPIO_ReadPin
 .text.HAL_GPIO_WritePin
                0x0000000008006168        0x8 ../../../libDaisy/build/libdaisy.a(stm32h7xx_hal_gpio.o)
                0x0000000008006168                HAL_GPIO_WritePin
 .text.HAL_HCD_IRQHandler
                0x0000000008006170      0x780 ../../../libDaisy/build/libdaisy.a(stm32h7xx_hal_hcd.o)
                0x0000000008006170                HAL_HCD_IRQHandler
 .text.HAL_HCD_Stop
                0x00000000080068f0       0x28 ../../../libDaisy/build/libdaisy.a(stm32h7xx_hal_hcd.o)
                0x00000000080068f0                HAL_HCD_Stop
 .text.I2C_WaitOnTXISFlagUntilTimeout
                0x0000000008006918       0xb8 ../../../libDaisy/build/libdaisy.a(stm32h7xx_hal_i2c.o)
 .text.I2C_WaitOnSTOPFlagUntilTimeout
                0x00000000080069d0       0xac ../../../libDaisy/build/libdaisy.a(stm32h7xx_hal_i2c.o)
 .text.HAL_I2C_Init
                0x0000000008006a7c       0xac ../../../libDaisy/build/libdaisy.a(stm32h7xx_hal_i2c.o)
                0x0000000008006a7c                HAL_I2C_Init
 .text.HAL_I2C_Master_Transmit
                0x0000000008006b28      0x1a8 ../../../libDaisy/build/libdaisy.a(stm32h7xx_hal_i2c.o)
                0x0000000008006b28                HAL_I2C_Master_Transmit
 .text.HAL_I2C_Slave_Transmit
                0x0000000008006cd0      0x1c8 ../../../libDaisy/build/libdaisy.a(stm32h7xx_hal_i2c.o)
                0x0000000008006cd0                HAL_I2C_Slave_Transmit
 .text.HAL_I2C_EV_IRQHandler
                0x0000000008006e98       0x10 ../../../libDaisy/build/libdaisy.a(stm32h7xx_hal_i2c.o)
                0x0000000008006e98                HAL_I2C_EV_IRQHandler
 .text.HAL_I2C_GetState
                0x0000000008006ea8        0x8 ../../../libDaisy/build/libdaisy.a(stm32h7xx_hal_i2c.o)
                0x0000000008006ea8                HAL_I2C_GetState
 .text.HAL_I2CEx_ConfigAnalogFilter
                0x0000000008006eb0       0x54 ../../../libDaisy/build/libdaisy.a(stm32h7xx_hal_i2c_ex.o)
                0x0000000008006eb0                HAL_I2CEx_ConfigAnalogFilter
 .text.HAL_I2CEx_ConfigDigitalFilter
                0x0000000008006f04       0x58 ../../../libDaisy/build/libdaisy.a(stm32h7xx_hal_i2c_ex.o)
                0x0000000008006f04                HAL_I2CEx_ConfigDigitalFilter
 .text.HAL_PCD_IRQHandler
                0x0000000008006f5c      0x69c ../../../libDaisy/build/libdaisy.a(stm32h7xx_hal_pcd.o)
                0x0000000008006f5c                HAL_PCD_IRQHandler
 .text.HAL_PCD_SetAddress
                0x00000000080075f8       0x2c ../../../libDaisy/build/libdaisy.a(stm32h7xx_hal_pcd.o)
                0x00000000080075f8                HAL_PCD_SetAddress
 .text.HAL_PCD_EP_Open
                0x0000000008007624       0x7c ../../../libDaisy/build/libdaisy.a(stm32h7xx_hal_pcd.o)
                0x0000000008007624                HAL_PCD_EP_Open
 .text.HAL_PCD_EP_Receive
                0x00000000080076a0       0x50 ../../../libDaisy/build/libdaisy.a(stm32h7xx_hal_pcd.o)
                0x00000000080076a0                HAL_PCD_EP_Receive
 .text.HAL_PCD_EP_Transmit
                0x00000000080076f0       0x50 ../../../libDaisy/build/libdaisy.a(stm32h7xx_hal_pcd.o)
                0x00000000080076f0                HAL_PCD_EP_Transmit
 .text.HAL_PCD_EP_SetStall
                0x0000000008007740       0x88 ../../../libDaisy/build/libdaisy.a(stm32h7xx_hal_pcd.o)
                0x0000000008007740                HAL_PCD_EP_SetStall
 .text.HAL_PCD_EP_ClrStall
                0x00000000080077c8       0x78 ../../../libDaisy/build/libdaisy.a(stm32h7xx_hal_pcd.o)
                0x00000000080077c8                HAL_PCD_EP_ClrStall
 .text.HAL_PCDEx_LPM_Callback
                0x0000000008007840        0x4 ../../../libDaisy/build/libdaisy.a(stm32h7xx_hal_pcd_ex.o)
                0x0000000008007840                HAL_PCDEx_LPM_Callback
 .text.HAL_PWREx_ConfigSupply
                0x0000000008007844       0x4c ../../../libDaisy/build/libdaisy.a(stm32h7xx_hal_pwr_ex.o)
                0x0000000008007844                HAL_PWREx_ConfigSupply
 .text.HAL_PWREx_EnableUSBVoltageDetector
                0x0000000008007890       0x10 ../../../libDaisy/build/libdaisy.a(stm32h7xx_hal_pwr_ex.o)
                0x0000000008007890                HAL_PWREx_EnableUSBVoltageDetector
 .text.QSPI_Config
                0x00000000080078a0      0x174 ../../../libDaisy/build/libdaisy.a(stm32h7xx_hal_qspi.o)
 .text.HAL_QSPI_Init
                0x0000000008007a14       0xd8 ../../../libDaisy/build/libdaisy.a(stm32h7xx_hal_qspi.o)
                0x0000000008007a14                HAL_QSPI_Init
 .text.HAL_QSPI_DeInit
                0x0000000008007aec       0x3c ../../../libDaisy/build/libdaisy.a(stm32h7xx_hal_qspi.o)
                0x0000000008007aec                HAL_QSPI_DeInit
 .text.HAL_QSPI_Command
                0x0000000008007b28       0xd4 ../../../libDaisy/build/libdaisy.a(stm32h7xx_hal_qspi.o)
                0x0000000008007b28                HAL_QSPI_Command
 .text.HAL_QSPI_Transmit
                0x0000000008007bfc       0xfc ../../../libDaisy/build/libdaisy.a(stm32h7xx_hal_qspi.o)
                0x0000000008007bfc                HAL_QSPI_Transmit
 .text.HAL_QSPI_Receive
                0x0000000008007cf8      0x108 ../../../libDaisy/build/libdaisy.a(stm32h7xx_hal_qspi.o)
                0x0000000008007cf8                HAL_QSPI_Receive
 .text.HAL_QSPI_AutoPolling
                0x0000000008007e00       0xf0 ../../../libDaisy/build/libdaisy.a(stm32h7xx_hal_qspi.o)
                0x0000000008007e00                HAL_QSPI_AutoPolling
 .text.HAL_QSPI_MemoryMapped
                0x0000000008007ef0       0xc0 ../../../libDaisy/build/libdaisy.a(stm32h7xx_hal_qspi.o)
                0x0000000008007ef0                HAL_QSPI_MemoryMapped
 .text.HAL_QSPI_ErrorCallback
                0x0000000008007fb0        0x4 ../../../libDaisy/build/libdaisy.a(stm32h7xx_hal_qspi.o)
                0x0000000008007fb0                HAL_QSPI_ErrorCallback
 .text.QSPI_DMAAbortCplt
                0x0000000008007fb4       0x38 ../../../libDaisy/build/libdaisy.a(stm32h7xx_hal_qspi.o)
 .text.HAL_QSPI_AbortCpltCallback
                0x0000000008007fec        0x4 ../../../libDaisy/build/libdaisy.a(stm32h7xx_hal_qspi.o)
                0x0000000008007fec                HAL_QSPI_AbortCpltCallback
 .text.HAL_QSPI_CmdCpltCallback
                0x0000000008007ff0        0x4 ../../../libDaisy/build/libdaisy.a(stm32h7xx_hal_qspi.o)
                0x0000000008007ff0                HAL_QSPI_CmdCpltCallback
 .text.HAL_QSPI_RxCpltCallback
                0x0000000008007ff4        0x4 ../../../libDaisy/build/libdaisy.a(stm32h7xx_hal_qspi.o)
                0x0000000008007ff4                HAL_QSPI_RxCpltCallback
 .text.HAL_QSPI_TxCpltCallback
                0x0000000008007ff8        0x4 ../../../libDaisy/build/libdaisy.a(stm32h7xx_hal_qspi.o)
                0x0000000008007ff8                HAL_QSPI_TxCpltCallback
 .text.HAL_QSPI_FifoThresholdCallback
                0x0000000008007ffc        0x4 ../../../libDaisy/build/libdaisy.a(stm32h7xx_hal_qspi.o)
                0x0000000008007ffc                HAL_QSPI_FifoThresholdCallback
 .text.HAL_QSPI_StatusMatchCallback
                0x0000000008008000        0x4 ../../../libDaisy/build/libdaisy.a(stm32h7xx_hal_qspi.o)
                0x0000000008008000                HAL_QSPI_StatusMatchCallback
 .text.HAL_QSPI_TimeOutCallback
                0x0000000008008004        0x4 ../../../libDaisy/build/libdaisy.a(stm32h7xx_hal_qspi.o)
                0x0000000008008004                HAL_QSPI_TimeOutCallback
 .text.HAL_QSPI_IRQHandler
                0x0000000008008008      0x210 ../../../libDaisy/build/libdaisy.a(stm32h7xx_hal_qspi.o)
                0x0000000008008008                HAL_QSPI_IRQHandler
 .text.HAL_RCC_OscConfig
                0x0000000008008218      0x51c ../../../libDaisy/build/libdaisy.a(stm32h7xx_hal_rcc.o)
                0x0000000008008218                HAL_RCC_OscConfig
 .text.HAL_RCC_GetSysClockFreq
                0x0000000008008734      0x140 ../../../libDaisy/build/libdaisy.a(stm32h7xx_hal_rcc.o)
                0x0000000008008734                HAL_RCC_GetSysClockFreq
 .text.HAL_RCC_ClockConfig
                0x0000000008008874      0x234 ../../../libDaisy/build/libdaisy.a(stm32h7xx_hal_rcc.o)
                0x0000000008008874                HAL_RCC_ClockConfig
 .text.HAL_RCC_GetHCLKFreq
                0x0000000008008aa8       0x2c ../../../libDaisy/build/libdaisy.a(stm32h7xx_hal_rcc.o)
                0x0000000008008aa8                HAL_RCC_GetHCLKFreq
 .text.HAL_RCC_GetPCLK1Freq
                0x0000000008008ad4       0x38 ../../../libDaisy/build/libdaisy.a(stm32h7xx_hal_rcc.o)
                0x0000000008008ad4                HAL_RCC_GetPCLK1Freq
 .text.RCCEx_PLL2_Config
                0x0000000008008b0c       0xf4 ../../../libDaisy/build/libdaisy.a(stm32h7xx_hal_rcc_ex.o)
 .text.RCCEx_PLL3_Config
                0x0000000008008c00       0xf4 ../../../libDaisy/build/libdaisy.a(stm32h7xx_hal_rcc_ex.o)
 .text.HAL_RCCEx_PeriphCLKConfig
                0x0000000008008cf4      0xa7c ../../../libDaisy/build/libdaisy.a(stm32h7xx_hal_rcc_ex.o)
                0x0000000008008cf4                HAL_RCCEx_PeriphCLKConfig
 .text.HAL_RCCEx_GetPLL2ClockFreq
                0x0000000008009770      0x17c ../../../libDaisy/build/libdaisy.a(stm32h7xx_hal_rcc_ex.o)
                0x0000000008009770                HAL_RCCEx_GetPLL2ClockFreq
 .text.HAL_RCCEx_GetPLL3ClockFreq
                0x00000000080098ec      0x17c ../../../libDaisy/build/libdaisy.a(stm32h7xx_hal_rcc_ex.o)
                0x00000000080098ec                HAL_RCCEx_GetPLL3ClockFreq
 .text.HAL_RCCEx_GetPLL1ClockFreq
                0x0000000008009a68      0x17c ../../../libDaisy/build/libdaisy.a(stm32h7xx_hal_rcc_ex.o)
                0x0000000008009a68                HAL_RCCEx_GetPLL1ClockFreq
 .text.HAL_RCCEx_GetPeriphCLKFreq
                0x0000000008009be4      0x198 ../../../libDaisy/build/libdaisy.a(stm32h7xx_hal_rcc_ex.o)
                0x0000000008009be4                HAL_RCCEx_GetPeriphCLKFreq
 .text.HAL_RCCEx_GetD1SysClockFreq
                0x0000000008009d7c       0x2c ../../../libDaisy/build/libdaisy.a(stm32h7xx_hal_rcc_ex.o)
                0x0000000008009d7c                HAL_RCCEx_GetD1SysClockFreq
 .text.HAL_SAI_Init.part.0
                0x0000000008009da8      0x348 ../../../libDaisy/build/libdaisy.a(stm32h7xx_hal_sai.o)
 .text.HAL_SAI_InitProtocol
                0x000000000800a0f0      0x178 ../../../libDaisy/build/libdaisy.a(stm32h7xx_hal_sai.o)
                0x000000000800a0f0                HAL_SAI_InitProtocol
 .text.HAL_SAI_Transmit_DMA
                0x000000000800a268      0x124 ../../../libDaisy/build/libdaisy.a(stm32h7xx_hal_sai.o)
                0x000000000800a268                HAL_SAI_Transmit_DMA
 .text.HAL_SAI_Receive_DMA
                0x000000000800a38c       0xd0 ../../../libDaisy/build/libdaisy.a(stm32h7xx_hal_sai.o)
                0x000000000800a38c                HAL_SAI_Receive_DMA
 .text.HAL_SAI_TxCpltCallback
                0x000000000800a45c        0x4 ../../../libDaisy/build/libdaisy.a(stm32h7xx_hal_sai.o)
                0x000000000800a45c                HAL_SAI_TxCpltCallback
 .text.SAI_DMATxCplt
                0x000000000800a460       0x64 ../../../libDaisy/build/libdaisy.a(stm32h7xx_hal_sai.o)
 .text.HAL_SAI_TxHalfCpltCallback
                0x000000000800a4c4        0x4 ../../../libDaisy/build/libdaisy.a(stm32h7xx_hal_sai.o)
                0x000000000800a4c4                HAL_SAI_TxHalfCpltCallback
 .text.SAI_DMATxHalfCplt
                0x000000000800a4c8        0xc ../../../libDaisy/build/libdaisy.a(stm32h7xx_hal_sai.o)
 .text.SAI_DMARxCplt
                0x000000000800a4d4       0x64 ../../../libDaisy/build/libdaisy.a(stm32h7xx_hal_sai.o)
 .text.SAI_DMARxHalfCplt
                0x000000000800a538        0xc ../../../libDaisy/build/libdaisy.a(stm32h7xx_hal_sai.o)
 .text.HAL_SAI_ErrorCallback
                0x000000000800a544        0x4 ../../../libDaisy/build/libdaisy.a(stm32h7xx_hal_sai.o)
                0x000000000800a544                HAL_SAI_ErrorCallback
 .text.SAI_DMAError
                0x000000000800a548       0x6c ../../../libDaisy/build/libdaisy.a(stm32h7xx_hal_sai.o)
 .text.HAL_SDRAM_Init
                0x000000000800a5b4       0x54 ../../../libDaisy/build/libdaisy.a(stm32h7xx_hal_sdram.o)
                0x000000000800a5b4                HAL_SDRAM_Init
 .text.HAL_SDRAM_SendCommand
                0x000000000800a608       0x40 ../../../libDaisy/build/libdaisy.a(stm32h7xx_hal_sdram.o)
                0x000000000800a608                HAL_SDRAM_SendCommand
 .text.HAL_SDRAM_ProgramRefreshRate
                0x000000000800a648       0x30 ../../../libDaisy/build/libdaisy.a(stm32h7xx_hal_sdram.o)
                0x000000000800a648                HAL_SDRAM_ProgramRefreshRate
 .text.FMC_SDRAM_Init
                0x000000000800a678       0x7c ../../../libDaisy/build/libdaisy.a(stm32h7xx_ll_fmc.o)
                0x000000000800a678                FMC_SDRAM_Init
 .text.FMC_SDRAM_Timing_Init
                0x000000000800a6f4       0x98 ../../../libDaisy/build/libdaisy.a(stm32h7xx_ll_fmc.o)
                0x000000000800a6f4                FMC_SDRAM_Timing_Init
 .text.FMC_SDRAM_SendCommand
                0x000000000800a78c       0x28 ../../../libDaisy/build/libdaisy.a(stm32h7xx_ll_fmc.o)
                0x000000000800a78c                FMC_SDRAM_SendCommand
 .text.FMC_SDRAM_ProgramRefreshRate
                0x000000000800a7b4       0x1c ../../../libDaisy/build/libdaisy.a(stm32h7xx_ll_fmc.o)
                0x000000000800a7b4                FMC_SDRAM_ProgramRefreshRate
 .text.USB_SetTurnaroundTime
                0x000000000800a7d0       0xf4 ../../../libDaisy/build/libdaisy.a(stm32h7xx_ll_usb.o)
                0x000000000800a7d0                USB_SetTurnaroundTime
 .text.USB_FlushTxFifo
                0x000000000800a8c4       0x24 ../../../libDaisy/build/libdaisy.a(stm32h7xx_ll_usb.o)
                0x000000000800a8c4                USB_FlushTxFifo
 .text.USB_GetDevSpeed
                0x000000000800a8e8       0x18 ../../../libDaisy/build/libdaisy.a(stm32h7xx_ll_usb.o)
                0x000000000800a8e8                USB_GetDevSpeed
 .text.USB_ActivateEndpoint
                0x000000000800a900       0x90 ../../../libDaisy/build/libdaisy.a(stm32h7xx_ll_usb.o)
                0x000000000800a900                USB_ActivateEndpoint
 .text.USB_EPStartXfer
                0x000000000800a990      0x230 ../../../libDaisy/build/libdaisy.a(stm32h7xx_ll_usb.o)
                0x000000000800a990                USB_EPStartXfer
 .text.USB_EP0StartXfer
                0x000000000800abc0      0x174 ../../../libDaisy/build/libdaisy.a(stm32h7xx_ll_usb.o)
                0x000000000800abc0                USB_EP0StartXfer
 .text.USB_WritePacket
                0x000000000800ad34       0x2c ../../../libDaisy/build/libdaisy.a(stm32h7xx_ll_usb.o)
                0x000000000800ad34                USB_WritePacket
 .text.USB_ReadPacket
                0x000000000800ad60       0x20 ../../../libDaisy/build/libdaisy.a(stm32h7xx_ll_usb.o)
                0x000000000800ad60                USB_ReadPacket
 .text.USB_EPSetStall
                0x000000000800ad80       0x68 ../../../libDaisy/build/libdaisy.a(stm32h7xx_ll_usb.o)
                0x000000000800ad80                USB_EPSetStall
 .text.USB_EPClearStall
                0x000000000800ade8       0x58 ../../../libDaisy/build/libdaisy.a(stm32h7xx_ll_usb.o)
                0x000000000800ade8                USB_EPClearStall
 .text.USB_SetDevAddress
                0x000000000800ae40       0x24 ../../../libDaisy/build/libdaisy.a(stm32h7xx_ll_usb.o)
                0x000000000800ae40                USB_SetDevAddress
 .text.USB_ReadInterrupts
                0x000000000800ae64        0x8 ../../../libDaisy/build/libdaisy.a(stm32h7xx_ll_usb.o)
                0x000000000800ae64                USB_ReadInterrupts
 .text.USB_ReadDevAllOutEpInterrupt
                0x000000000800ae6c       0x10 ../../../libDaisy/build/libdaisy.a(stm32h7xx_ll_usb.o)
                0x000000000800ae6c                USB_ReadDevAllOutEpInterrupt
 .text.USB_ReadDevAllInEpInterrupt
                0x000000000800ae7c       0x10 ../../../libDaisy/build/libdaisy.a(stm32h7xx_ll_usb.o)
                0x000000000800ae7c                USB_ReadDevAllInEpInterrupt
 .text.USB_ReadDevOutEPInterrupt
                0x000000000800ae8c       0x14 ../../../libDaisy/build/libdaisy.a(stm32h7xx_ll_usb.o)
                0x000000000800ae8c                USB_ReadDevOutEPInterrupt
 .text.USB_ReadDevInEPInterrupt
                0x000000000800aea0       0x20 ../../../libDaisy/build/libdaisy.a(stm32h7xx_ll_usb.o)
                0x000000000800aea0                USB_ReadDevInEPInterrupt
 .text.USB_GetMode
                0x000000000800aec0        0x8 ../../../libDaisy/build/libdaisy.a(stm32h7xx_ll_usb.o)
                0x000000000800aec0                USB_GetMode
 .text.USB_ActivateSetup
                0x000000000800aec8       0x38 ../../../libDaisy/build/libdaisy.a(stm32h7xx_ll_usb.o)
                0x000000000800aec8                USB_ActivateSetup
 .text.USB_EP0_OutStart
                0x000000000800af00       0x58 ../../../libDaisy/build/libdaisy.a(stm32h7xx_ll_usb.o)
                0x000000000800af00                USB_EP0_OutStart
 .text.USB_InitFSLSPClkSel
                0x000000000800af58       0x44 ../../../libDaisy/build/libdaisy.a(stm32h7xx_ll_usb.o)
                0x000000000800af58                USB_InitFSLSPClkSel
 .text.USB_HC_ReadInterrupt
                0x000000000800af9c        0x8 ../../../libDaisy/build/libdaisy.a(stm32h7xx_ll_usb.o)
                0x000000000800af9c                USB_HC_ReadInterrupt
 .text.USB_HC_Halt
                0x000000000800afa4       0xb4 ../../../libDaisy/build/libdaisy.a(stm32h7xx_ll_usb.o)
                0x000000000800afa4                USB_HC_Halt
 .text.USB_StopHost
                0x000000000800b058      0x184 ../../../libDaisy/build/libdaisy.a(stm32h7xx_ll_usb.o)
                0x000000000800b058                USB_StopHost
 .text.USBD_SetClassConfig
                0x000000000800b1dc       0x14 ../../../libDaisy/build/libdaisy.a(usbd_core.o)
                0x000000000800b1dc                USBD_SetClassConfig
 .text.USBD_ClrClassConfig
                0x000000000800b1f0       0x10 ../../../libDaisy/build/libdaisy.a(usbd_core.o)
                0x000000000800b1f0                USBD_ClrClassConfig
 .text.USBD_LL_SetupStage
                0x000000000800b200       0x5c ../../../libDaisy/build/libdaisy.a(usbd_core.o)
                0x000000000800b200                USBD_LL_SetupStage
 .text.USBD_LL_DataOutStage
                0x000000000800b25c       0x7c ../../../libDaisy/build/libdaisy.a(usbd_core.o)
                0x000000000800b25c                USBD_LL_DataOutStage
 .text.USBD_LL_DataInStage
                0x000000000800b2d8       0xcc ../../../libDaisy/build/libdaisy.a(usbd_core.o)
                0x000000000800b2d8                USBD_LL_DataInStage
 .text.USBD_LL_Reset
                0x000000000800b3a4       0x50 ../../../libDaisy/build/libdaisy.a(usbd_core.o)
                0x000000000800b3a4                USBD_LL_Reset
 .text.USBD_LL_SetSpeed
                0x000000000800b3f4        0x8 ../../../libDaisy/build/libdaisy.a(usbd_core.o)
                0x000000000800b3f4                USBD_LL_SetSpeed
 .text.USBD_LL_Suspend
                0x000000000800b3fc       0x14 ../../../libDaisy/build/libdaisy.a(usbd_core.o)
                0x000000000800b3fc                USBD_LL_Suspend
 .text.USBD_LL_Resume
                0x000000000800b410       0x10 ../../../libDaisy/build/libdaisy.a(usbd_core.o)
                0x000000000800b410                USBD_LL_Resume
 .text.USBD_LL_SOF
                0x000000000800b420       0x1c ../../../libDaisy/build/libdaisy.a(usbd_core.o)
                0x000000000800b420                USBD_LL_SOF
 .text.USBD_LL_IsoINIncomplete
                0x000000000800b43c        0x4 ../../../libDaisy/build/libdaisy.a(usbd_core.o)
                0x000000000800b43c                USBD_LL_IsoINIncomplete
 .text.USBD_LL_IsoOUTIncomplete
                0x000000000800b440        0x4 ../../../libDaisy/build/libdaisy.a(usbd_core.o)
                0x000000000800b440                USBD_LL_IsoOUTIncomplete
 .text.USBD_LL_DevConnected
                0x000000000800b444        0x4 ../../../libDaisy/build/libdaisy.a(usbd_core.o)
                0x000000000800b444                USBD_LL_DevConnected
 .text.USBD_LL_DevDisconnected
                0x000000000800b448       0x18 ../../../libDaisy/build/libdaisy.a(usbd_core.o)
                0x000000000800b448                USBD_LL_DevDisconnected
 .text.USBD_StdDevReq
                0x000000000800b460      0x304 ../../../libDaisy/build/libdaisy.a(usbd_ctlreq.o)
                0x000000000800b460                USBD_StdDevReq
 .text.USBD_StdItfReq
                0x000000000800b764       0x68 ../../../libDaisy/build/libdaisy.a(usbd_ctlreq.o)
                0x000000000800b764                USBD_StdItfReq
 .text.USBD_StdEPReq
                0x000000000800b7cc      0x13c ../../../libDaisy/build/libdaisy.a(usbd_ctlreq.o)
                0x000000000800b7cc                USBD_StdEPReq
 .text.USBD_ParseSetupRequest
                0x000000000800b908       0x28 ../../../libDaisy/build/libdaisy.a(usbd_ctlreq.o)
                0x000000000800b908                USBD_ParseSetupRequest
 .text.USBD_CtlSendData
                0x000000000800b930       0x1c ../../../libDaisy/build/libdaisy.a(usbd_ioreq.o)
                0x000000000800b930                USBD_CtlSendData
 .text.USBD_CtlContinueSendData
                0x000000000800b94c       0x14 ../../../libDaisy/build/libdaisy.a(usbd_ioreq.o)
                0x000000000800b94c                USBD_CtlContinueSendData
 .text.USBD_CtlContinueRx
                0x000000000800b960       0x14 ../../../libDaisy/build/libdaisy.a(usbd_ioreq.o)
                0x000000000800b960                USBD_CtlContinueRx
 .text.USBD_CtlSendStatus
                0x000000000800b974       0x18 ../../../libDaisy/build/libdaisy.a(usbd_ioreq.o)
                0x000000000800b974                USBD_CtlSendStatus
 .text.USBD_CtlReceiveStatus
                0x000000000800b98c       0x18 ../../../libDaisy/build/libdaisy.a(usbd_ioreq.o)
                0x000000000800b98c                USBD_CtlReceiveStatus
 .text.USBH_LL_IncTimer
                0x000000000800b9a4       0x20 ../../../libDaisy/build/libdaisy.a(usbh_core.o)
                0x000000000800b9a4                USBH_LL_IncTimer
 .text.USBH_LL_PortEnabled
                0x000000000800b9c4        0x8 ../../../libDaisy/build/libdaisy.a(usbh_core.o)
                0x000000000800b9c4                USBH_LL_PortEnabled
 .text.USBH_LL_PortDisabled
                0x000000000800b9cc        0x8 ../../../libDaisy/build/libdaisy.a(usbh_core.o)
                0x000000000800b9cc                USBH_LL_PortDisabled
 .text.USBH_LL_Connect
                0x000000000800b9d4       0x18 ../../../libDaisy/build/libdaisy.a(usbh_core.o)
                0x000000000800b9d4                USBH_LL_Connect
 .text.USBH_LL_Disconnect
                0x000000000800b9ec       0x2c ../../../libDaisy/build/libdaisy.a(usbh_core.o)
                0x000000000800b9ec                USBH_LL_Disconnect
 .text.USBH_FreePipe
                0x000000000800ba18       0x18 ../../../libDaisy/build/libdaisy.a(usbh_pipes.o)
                0x000000000800ba18                USBH_FreePipe
 .text._ZN5daisy6Random4InitEv
                0x000000000800ba30       0x3c ../../../libDaisy/build/libdaisy.a(rng.o)
                0x000000000800ba30                daisy::Random::Init()
 .text._ZN5daisy9SpiHandle4Impl7InitDmaEv
                0x000000000800ba6c       0xec ../../../libDaisy/build/libdaisy.a(spi.o)
                0x000000000800ba6c                daisy::SpiHandle::Impl::InitDma()
 .text._ZN5daisy9SpiHandle4Impl10StartDmaTxEPhjPFvPvEPFvS3_NS0_6ResultEES3_
                0x000000000800bb58       0xc8 ../../../libDaisy/build/libdaisy.a(spi.o)
                0x000000000800bb58                daisy::SpiHandle::Impl::StartDmaTx(unsigned char*, unsigned int, void (*)(void*), void (*)(void*, daisy::SpiHandle::Result), void*)
 .text._ZN5daisy9SpiHandle4Impl10StartDmaRxEPhjPFvPvEPFvS3_NS0_6ResultEES3_
                0x000000000800bc20       0xc8 ../../../libDaisy/build/libdaisy.a(spi.o)
                0x000000000800bc20                daisy::SpiHandle::Impl::StartDmaRx(unsigned char*, unsigned int, void (*)(void*), void (*)(void*, daisy::SpiHandle::Result), void*)
 .text._ZN5daisy9SpiHandle4Impl12StartDmaRxTxEPhS2_jPFvPvEPFvS3_NS0_6ResultEES3_
                0x000000000800bce8       0xcc ../../../libDaisy/build/libdaisy.a(spi.o)
                0x000000000800bce8                daisy::SpiHandle::Impl::StartDmaRxTx(unsigned char*, unsigned char*, unsigned int, void (*)(void*), void (*)(void*, daisy::SpiHandle::Result), void*)
 .text._ZN5daisy9SpiHandle4Impl8InitPinsEv
                0x000000000800bdb4      0x274 ../../../libDaisy/build/libdaisy.a(spi.o)
                0x000000000800bdb4                daisy::SpiHandle::Impl::InitPins()
 .text.HAL_SPI_MspInit
                0x000000000800c028      0x1a8 ../../../libDaisy/build/libdaisy.a(spi.o)
                0x000000000800c028                HAL_SPI_MspInit
 .text.dsy_spi_global_init
                0x000000000800c1d0       0x80 ../../../libDaisy/build/libdaisy.a(spi.o)
                0x000000000800c1d0                dsy_spi_global_init
 .text.SPI1_IRQHandler
                0x000000000800c250        0xc ../../../libDaisy/build/libdaisy.a(spi.o)
                0x000000000800c250                SPI1_IRQHandler
 .text.DMA2_Stream2_IRQHandler
                0x000000000800c25c       0x34 ../../../libDaisy/build/libdaisy.a(spi.o)
                0x000000000800c25c                DMA2_Stream2_IRQHandler
 .text.DMA2_Stream3_IRQHandler
                0x000000000800c290       0x38 ../../../libDaisy/build/libdaisy.a(spi.o)
                0x000000000800c290                DMA2_Stream3_IRQHandler
 .text.HAL_SPI_TxCpltCallback
                0x000000000800c2c8       0xc4 ../../../libDaisy/build/libdaisy.a(spi.o)
                0x000000000800c2c8                HAL_SPI_TxCpltCallback
 .text.HAL_SPI_RxCpltCallback
                0x000000000800c38c       0xc4 ../../../libDaisy/build/libdaisy.a(spi.o)
                0x000000000800c38c                HAL_SPI_RxCpltCallback
 .text.HAL_SPI_TxRxCpltCallback
                0x000000000800c450       0xc4 ../../../libDaisy/build/libdaisy.a(spi.o)
                0x000000000800c450                HAL_SPI_TxRxCpltCallback
 .text.HAL_SPI_ErrorCallback
                0x000000000800c514       0xc8 ../../../libDaisy/build/libdaisy.a(spi.o)
                0x000000000800c514                HAL_SPI_ErrorCallback
 .text.startup._GLOBAL__sub_I__Z19MapInstanceToHandleP11SPI_TypeDef
                0x000000000800c5dc      0x1b0 ../../../libDaisy/build/libdaisy.a(spi.o)
 .text.HAL_TIM_Base_MspInit
                0x000000000800c78c       0xcc ../../../libDaisy/build/libdaisy.a(tim.o)
                0x000000000800c78c                HAL_TIM_Base_MspInit
 .text._ZN5daisy11TimerHandle4InitERKNS0_6ConfigE
                0x000000000800c858       0xc4 ../../../libDaisy/build/libdaisy.a(tim.o)
                0x000000000800c858                daisy::TimerHandle::Init(daisy::TimerHandle::Config const&)
 .text._ZN5daisy11TimerHandle5StartEv
                0x000000000800c91c       0x14 ../../../libDaisy/build/libdaisy.a(tim.o)
                0x000000000800c91c                daisy::TimerHandle::Start()
 .text.dsy_dma_init
                0x000000000800c930       0xf0 ../../../libDaisy/build/libdaisy.a(dma.o)
                0x000000000800c930                dsy_dma_init
 .text.HAL_MDMA_Abort_IT
                0x000000000800ca20       0x2c ../../../libDaisy/build/libdaisy.a(stm32h7xx_hal_mdma.o)
                0x000000000800ca20                HAL_MDMA_Abort_IT
 .text.SPI_CloseTransfer
                0x000000000800ca4c       0xb8 ../../../libDaisy/build/libdaisy.a(stm32h7xx_hal_spi.o)
 .text.HAL_SPI_Init
                0x000000000800cb04      0x15c ../../../libDaisy/build/libdaisy.a(stm32h7xx_hal_spi.o)
                0x000000000800cb04                HAL_SPI_Init
 .text.HAL_SPI_Transmit_DMA
                0x000000000800cc60      0x170 ../../../libDaisy/build/libdaisy.a(stm32h7xx_hal_spi.o)
                0x000000000800cc60                HAL_SPI_Transmit_DMA
 .text.HAL_SPI_TransmitReceive_DMA
                0x000000000800cdd0      0x218 ../../../libDaisy/build/libdaisy.a(stm32h7xx_hal_spi.o)
                0x000000000800cdd0                HAL_SPI_TransmitReceive_DMA
 .text.HAL_SPI_Receive_DMA
                0x000000000800cfe8      0x1b4 ../../../libDaisy/build/libdaisy.a(stm32h7xx_hal_spi.o)
                0x000000000800cfe8                HAL_SPI_Receive_DMA
 .text.SPI_DMATransmitCplt
                0x000000000800d19c       0x28 ../../../libDaisy/build/libdaisy.a(stm32h7xx_hal_spi.o)
 .text.SPI_DMAReceiveCplt
                0x000000000800d1c4       0x28 ../../../libDaisy/build/libdaisy.a(stm32h7xx_hal_spi.o)
 .text.SPI_DMATransmitReceiveCplt
                0x000000000800d1ec       0x28 ../../../libDaisy/build/libdaisy.a(stm32h7xx_hal_spi.o)
 .text.HAL_SPI_TxHalfCpltCallback
                0x000000000800d214        0x4 ../../../libDaisy/build/libdaisy.a(stm32h7xx_hal_spi.o)
                0x000000000800d214                HAL_SPI_TxHalfCpltCallback
 .text.SPI_DMAHalfTransmitCplt
                0x000000000800d218        0xc ../../../libDaisy/build/libdaisy.a(stm32h7xx_hal_spi.o)
 .text.HAL_SPI_RxHalfCpltCallback
                0x000000000800d224        0x4 ../../../libDaisy/build/libdaisy.a(stm32h7xx_hal_spi.o)
                0x000000000800d224                HAL_SPI_RxHalfCpltCallback
 .text.SPI_DMAHalfReceiveCplt
                0x000000000800d228        0xc ../../../libDaisy/build/libdaisy.a(stm32h7xx_hal_spi.o)
 .text.HAL_SPI_TxRxHalfCpltCallback
                0x000000000800d234        0x4 ../../../libDaisy/build/libdaisy.a(stm32h7xx_hal_spi.o)
                0x000000000800d234                HAL_SPI_TxRxHalfCpltCallback
 .text.SPI_DMAHalfTransmitReceiveCplt
                0x000000000800d238        0xc ../../../libDaisy/build/libdaisy.a(stm32h7xx_hal_spi.o)
 .text.SPI_DMAError
                0x000000000800d244       0xd8 ../../../libDaisy/build/libdaisy.a(stm32h7xx_hal_spi.o)
 .text.HAL_SPI_IRQHandler
                0x000000000800d31c      0x23c ../../../libDaisy/build/libdaisy.a(stm32h7xx_hal_spi.o)
                0x000000000800d31c                HAL_SPI_IRQHandler
 .text.SPI_DMAAbortOnError
                0x000000000800d558       0x1c ../../../libDaisy/build/libdaisy.a(stm32h7xx_hal_spi.o)
 .text.HAL_SPI_GetState
                0x000000000800d574        0x8 ../../../libDaisy/build/libdaisy.a(stm32h7xx_hal_spi.o)
                0x000000000800d574                HAL_SPI_GetState
 .text.HAL_TIM_Base_Init
                0x000000000800d57c      0x140 ../../../libDaisy/build/libdaisy.a(stm32h7xx_hal_tim.o)
                0x000000000800d57c                HAL_TIM_Base_Init
 .text.HAL_TIM_Base_Start
                0x000000000800d6bc       0x34 ../../../libDaisy/build/libdaisy.a(stm32h7xx_hal_tim.o)
                0x000000000800d6bc                HAL_TIM_Base_Start
 .text.HAL_TIM_ConfigClockSource
                0x000000000800d6f0      0x17c ../../../libDaisy/build/libdaisy.a(stm32h7xx_hal_tim.o)
                0x000000000800d6f0                HAL_TIM_ConfigClockSource
 .text.HAL_TIMEx_MasterConfigSynchronization
                0x000000000800d86c       0x64 ../../../libDaisy/build/libdaisy.a(stm32h7xx_hal_tim_ex.o)
                0x000000000800d86c                HAL_TIMEx_MasterConfigSynchronization
 .text._ZN7daisysp10Oscillator7ProcessEv
                0x000000000800d8d0      0x3c4 ../../../DaisySP/build/libdaisysp.a(oscillator.o)
                0x000000000800d8d0                daisysp::Oscillator::Process()
 .text._ZN7daisysp10Oscillator12CalcPhaseIncEf
                0x000000000800dc94       0x18 ../../../DaisySP/build/libdaisysp.a(oscillator.o)
                0x000000000800dc94                daisysp::Oscillator::CalcPhaseInc(float)
 .text.__aeabi_atexit
                0x000000000800dcac        0xa /Applications/ARM/bin/../lib/gcc/arm-none-eabi/10.3.1/../../../../arm-none-eabi/lib/thumb/v7e-m+dp/hard/libstdc++_nano.a(atexit_arm.o)
                0x000000000800dcac                __aeabi_atexit
 *fill*         0x000000000800dcb6        0x2 
 .text.sinf     0x000000000800dcb8      0x20c /Applications/ARM/bin/../lib/gcc/arm-none-eabi/10.3.1/../../../../arm-none-eabi/lib/thumb/v7e-m+dp/hard/libm.a(lib_a-sinf.o)
                0x000000000800dcb8                sinf
 .text.fmodf    0x000000000800dec4       0x48 /Applications/ARM/bin/../lib/gcc/arm-none-eabi/10.3.1/../../../../arm-none-eabi/lib/thumb/v7e-m+dp/hard/libm.a(lib_a-wf_fmod.o)
                0x000000000800dec4                fmodf
 .text.__ieee754_fmodf
                0x000000000800df0c      0x120 /Applications/ARM/bin/../lib/gcc/arm-none-eabi/10.3.1/../../../../arm-none-eabi/lib/thumb/v7e-m+dp/hard/libm.a(lib_a-ef_fmod.o)
                0x000000000800df0c                __ieee754_fmodf
 .text.with_errnof
                0x000000000800e02c       0x18 /Applications/ARM/bin/../lib/gcc/arm-none-eabi/10.3.1/../../../../arm-none-eabi/lib/thumb/v7e-m+dp/hard/libm.a(lib_a-math_errf.o)
 .text.__math_invalidf
                0x000000000800e044       0x20 /Applications/ARM/bin/../lib/gcc/arm-none-eabi/10.3.1/../../../../arm-none-eabi/lib/thumb/v7e-m+dp/hard/libm.a(lib_a-math_errf.o)
                0x000000000800e044                __math_invalidf
 .text.__cxa_atexit
                0x000000000800e064       0x1c /Applications/ARM/bin/../lib/gcc/arm-none-eabi/10.3.1/../../../../arm-none-eabi/lib/thumb/v7e-m+dp/hard/libc_nano.a(lib_a-cxa_atexit.o)
                0x000000000800e064                __cxa_atexit
 .text.__errno  0x000000000800e080        0xc /Applications/ARM/bin/../lib/gcc/arm-none-eabi/10.3.1/../../../../arm-none-eabi/lib/thumb/v7e-m+dp/hard/libc_nano.a(lib_a-errno.o)
                0x000000000800e080                __errno
 .text.__libc_init_array
                0x000000000800e08c       0x48 /Applications/ARM/bin/../lib/gcc/arm-none-eabi/10.3.1/../../../../arm-none-eabi/lib/thumb/v7e-m+dp/hard/libc_nano.a(lib_a-init.o)
                0x000000000800e08c                __libc_init_array
 .text.memcpy   0x000000000800e0d4       0x1c /Applications/ARM/bin/../lib/gcc/arm-none-eabi/10.3.1/../../../../arm-none-eabi/lib/thumb/v7e-m+dp/hard/libc_nano.a(lib_a-memcpy-stub.o)
                0x000000000800e0d4                memcpy
 .text.memset   0x000000000800e0f0       0x10 /Applications/ARM/bin/../lib/gcc/arm-none-eabi/10.3.1/../../../../arm-none-eabi/lib/thumb/v7e-m+dp/hard/libc_nano.a(lib_a-memset.o)
                0x000000000800e0f0                memset
 *(.rodata)
 .rodata        0x000000000800e100       0x10 ../../../libDaisy/build/libdaisy.a(i2c.o)
 .rodata        0x000000000800e110       0x10 ../../../libDaisy/build/libdaisy.a(tim.o)
 *(.rodata*)
 .rodata._ZL8seedgpio
                0x000000000800e120       0x3e ../../../libDaisy/build/libdaisy.a(daisy_seed.o)
 *fill*         0x000000000800e15e        0x2 
 .rodata._ZL16dsy_adc_rank_map
                0x000000000800e160       0x40 ../../../libDaisy/build/libdaisy.a(adc.o)
 .rodata.CSWTCH.35
                0x000000000800e1a0        0x3 ../../../libDaisy/build/libdaisy.a(sai.o)
 *fill*         0x000000000800e1a3        0x1 
 .rodata.CSWTCH.36
                0x000000000800e1a4        0xc ../../../libDaisy/build/libdaisy.a(sai.o)
 .rodata.CSWTCH.44
                0x000000000800e1b0       0x14 ../../../libDaisy/build/libdaisy.a(sai.o)
 .rodata.D1CorePrescTable
                0x000000000800e1c4       0x10 ../../../libDaisy/build/libdaisy.a(system_stm32h7xx.o)
                0x000000000800e1c4                D1CorePrescTable
 .rodata.CSWTCH.24
                0x000000000800e1d4        0x4 ../../../libDaisy/build/libdaisy.a(usbd_conf.o)
 .rodata.CSWTCH.19
                0x000000000800e1d8        0x4 ../../../libDaisy/build/libdaisy.a(usbh_conf.o)
 .rodata.gpio_hal_pin_map
                0x000000000800e1dc       0x20 ../../../libDaisy/build/libdaisy.a(hal_map.o)
 .rodata.gpio_hal_port_map
                0x000000000800e1fc       0x30 ../../../libDaisy/build/libdaisy.a(hal_map.o)
 .rodata.flagBitshiftOffset.0
                0x000000000800e22c        0x8 ../../../libDaisy/build/libdaisy.a(stm32h7xx_hal_dma.o)
 .rodata._ZL13pins_none_spi
                0x000000000800e234        0x3 ../../../libDaisy/build/libdaisy.a(spi.o)
 *fill*         0x000000000800e237        0x1 
 .rodata._ZL16pins_periphs_spi
                0x000000000800e238       0x60 ../../../libDaisy/build/libdaisy.a(spi.o)
 .rodata.Zero   0x000000000800e298        0x8 /Applications/ARM/bin/../lib/gcc/arm-none-eabi/10.3.1/../../../../arm-none-eabi/lib/thumb/v7e-m+dp/hard/libm.a(lib_a-ef_fmod.o)
 .rodata.__inv_pio4
                0x000000000800e2a0       0x60 /Applications/ARM/bin/../lib/gcc/arm-none-eabi/10.3.1/../../../../arm-none-eabi/lib/thumb/v7e-m+dp/hard/libm.a(lib_a-sincosf_data.o)
                0x000000000800e2a0                __inv_pio4
 .rodata.__sincosf_table
                0x000000000800e300       0xe0 /Applications/ARM/bin/../lib/gcc/arm-none-eabi/10.3.1/../../../../arm-none-eabi/lib/thumb/v7e-m+dp/hard/libm.a(lib_a-sincosf_data.o)
                0x000000000800e300                __sincosf_table
 .rodata.__sf_fake_stderr
                0x000000000800e3e0       0x20 /Applications/ARM/bin/../lib/gcc/arm-none-eabi/10.3.1/../../../../arm-none-eabi/lib/thumb/v7e-m+dp/hard/libc_nano.a(lib_a-findfp.o)
                0x000000000800e3e0                __sf_fake_stderr
 .rodata.__sf_fake_stdin
                0x000000000800e400       0x20 /Applications/ARM/bin/../lib/gcc/arm-none-eabi/10.3.1/../../../../arm-none-eabi/lib/thumb/v7e-m+dp/hard/libc_nano.a(lib_a-findfp.o)
                0x000000000800e400                __sf_fake_stdin
 .rodata.__sf_fake_stdout
                0x000000000800e420       0x20 /Applications/ARM/bin/../lib/gcc/arm-none-eabi/10.3.1/../../../../arm-none-eabi/lib/thumb/v7e-m+dp/hard/libc_nano.a(lib_a-findfp.o)
                0x000000000800e420                __sf_fake_stdout
 *(.glue_7)
 .glue_7        0x000000000800e440        0x0 linker stubs
 *(.glue_7t)
 .glue_7t       0x000000000800e440        0x0 linker stubs
 *(.init)
 .init          0x000000000800e440        0x4 /Applications/ARM/bin/../lib/gcc/arm-none-eabi/10.3.1/thumb/v7e-m+dp/hard/crti.o
                0x000000000800e440                _init
 .init          0x000000000800e444        0x8 /Applications/ARM/bin/../lib/gcc/arm-none-eabi/10.3.1/thumb/v7e-m+dp/hard/crtn.o
 *(.fini)
 .fini          0x000000000800e44c        0x4 /Applications/ARM/bin/../lib/gcc/arm-none-eabi/10.3.1/thumb/v7e-m+dp/hard/crti.o
                0x000000000800e44c                _fini
 .fini          0x000000000800e450        0x8 /Applications/ARM/bin/../lib/gcc/arm-none-eabi/10.3.1/thumb/v7e-m+dp/hard/crtn.o
                0x000000000800e458                . = ALIGN (0x4)
                0x000000000800e458                _etext = .

.eh_frame       0x000000000800e458        0x0
 .eh_frame      0x000000000800e458        0x0 /Applications/ARM/bin/../lib/gcc/arm-none-eabi/10.3.1/thumb/v7e-m+dp/hard/crtbegin.o

.vfp11_veneer   0x000000000800e458        0x0
 .vfp11_veneer  0x000000000800e458        0x0 linker stubs

.v4_bx          0x000000000800e458        0x0
 .v4_bx         0x000000000800e458        0x0 linker stubs

.iplt           0x000000000800e458        0x0
 .iplt          0x000000000800e458        0x0 /Applications/ARM/bin/../lib/gcc/arm-none-eabi/10.3.1/thumb/v7e-m+dp/hard/crtbegin.o

.rel.dyn        0x000000000800e458        0x0
 .rel.iplt      0x000000000800e458        0x0 /Applications/ARM/bin/../lib/gcc/arm-none-eabi/10.3.1/thumb/v7e-m+dp/hard/crtbegin.o

.ARM.extab      0x000000000800e458        0x0
                0x000000000800e458                . = ALIGN (0x4)
 *(.ARM.extab)
 *(.gnu.linkonce.armextab.*)
                0x000000000800e458                . = ALIGN (0x4)

.exidx          0x000000000800e458        0x0
                0x000000000800e458                . = ALIGN (0x4)
                [!provide]                        PROVIDE (__exidx_start = .)
 *(.ARM.exidx*)
                0x000000000800e458                . = ALIGN (0x4)
                [!provide]                        PROVIDE (__exidx_end = .)

.ARM.attributes
                0x000000000800e458       0x2e
 *(.ARM.attributes)
 .ARM.attributes
                0x000000000800e458       0x1e /Applications/ARM/bin/../lib/gcc/arm-none-eabi/10.3.1/thumb/v7e-m+dp/hard/crti.o
 .ARM.attributes
                0x000000000800e476       0x32 /Applications/ARM/bin/../lib/gcc/arm-none-eabi/10.3.1/thumb/v7e-m+dp/hard/crtbegin.o
 .ARM.attributes
                0x000000000800e4a8       0x32 build/startup_stm32h750xx.o
 .ARM.attributes
                0x000000000800e4da       0x32 build/oscillator.o
 .ARM.attributes
                0x000000000800e50c       0x32 ../../../libDaisy/build/libdaisy.a(daisy_seed.o)
 .ARM.attributes
                0x000000000800e53e       0x32 ../../../libDaisy/build/libdaisy.a(codec_ak4556.o)
 .ARM.attributes
                0x000000000800e570       0x32 ../../../libDaisy/build/libdaisy.a(codec_wm8731.o)
 .ARM.attributes
                0x000000000800e5a2       0x32 ../../../libDaisy/build/libdaisy.a(sdram.o)
 .ARM.attributes
                0x000000000800e5d4       0x32 ../../../libDaisy/build/libdaisy.a(audio.o)
 .ARM.attributes
                0x000000000800e606       0x32 ../../../libDaisy/build/libdaisy.a(adc.o)
 .ARM.attributes
                0x000000000800e638       0x32 ../../../libDaisy/build/libdaisy.a(gpio.o)
 .ARM.attributes
                0x000000000800e66a       0x32 ../../../libDaisy/build/libdaisy.a(i2c.o)
 .ARM.attributes
                0x000000000800e69c       0x32 ../../../libDaisy/build/libdaisy.a(qspi.o)
 .ARM.attributes
                0x000000000800e6ce       0x32 ../../../libDaisy/build/libdaisy.a(sai.o)
 .ARM.attributes
                0x000000000800e700       0x32 ../../../libDaisy/build/libdaisy.a(system.o)
 .ARM.attributes
                0x000000000800e732       0x32 ../../../libDaisy/build/libdaisy.a(system_stm32h7xx.o)
 .ARM.attributes
                0x000000000800e764       0x32 ../../../libDaisy/build/libdaisy.a(usbd_conf.o)
 .ARM.attributes
                0x000000000800e796       0x32 ../../../libDaisy/build/libdaisy.a(usbh_conf.o)
 .ARM.attributes
                0x000000000800e7c8       0x32 ../../../libDaisy/build/libdaisy.a(hal_map.o)
 .ARM.attributes
                0x000000000800e7fa       0x32 ../../../libDaisy/build/libdaisy.a(stm32h7xx_hal.o)
 .ARM.attributes
                0x000000000800e82c       0x32 ../../../libDaisy/build/libdaisy.a(stm32h7xx_hal_adc.o)
 .ARM.attributes
                0x000000000800e85e       0x32 ../../../libDaisy/build/libdaisy.a(stm32h7xx_hal_adc_ex.o)
 .ARM.attributes
                0x000000000800e890       0x32 ../../../libDaisy/build/libdaisy.a(stm32h7xx_hal_cortex.o)
 .ARM.attributes
                0x000000000800e8c2       0x32 ../../../libDaisy/build/libdaisy.a(stm32h7xx_hal_dma.o)
 .ARM.attributes
                0x000000000800e8f4       0x32 ../../../libDaisy/build/libdaisy.a(stm32h7xx_hal_gpio.o)
 .ARM.attributes
                0x000000000800e926       0x32 ../../../libDaisy/build/libdaisy.a(stm32h7xx_hal_hcd.o)
 .ARM.attributes
                0x000000000800e958       0x32 ../../../libDaisy/build/libdaisy.a(stm32h7xx_hal_i2c.o)
 .ARM.attributes
                0x000000000800e98a       0x32 ../../../libDaisy/build/libdaisy.a(stm32h7xx_hal_i2c_ex.o)
 .ARM.attributes
                0x000000000800e9bc       0x32 ../../../libDaisy/build/libdaisy.a(stm32h7xx_hal_pcd.o)
 .ARM.attributes
                0x000000000800e9ee       0x32 ../../../libDaisy/build/libdaisy.a(stm32h7xx_hal_pcd_ex.o)
 .ARM.attributes
                0x000000000800ea20       0x32 ../../../libDaisy/build/libdaisy.a(stm32h7xx_hal_pwr_ex.o)
 .ARM.attributes
                0x000000000800ea52       0x32 ../../../libDaisy/build/libdaisy.a(stm32h7xx_hal_qspi.o)
 .ARM.attributes
                0x000000000800ea84       0x32 ../../../libDaisy/build/libdaisy.a(stm32h7xx_hal_rcc.o)
 .ARM.attributes
                0x000000000800eab6       0x32 ../../../libDaisy/build/libdaisy.a(stm32h7xx_hal_rcc_ex.o)
 .ARM.attributes
                0x000000000800eae8       0x32 ../../../libDaisy/build/libdaisy.a(stm32h7xx_hal_sai.o)
 .ARM.attributes
                0x000000000800eb1a       0x32 ../../../libDaisy/build/libdaisy.a(stm32h7xx_hal_sdram.o)
 .ARM.attributes
                0x000000000800eb4c       0x32 ../../../libDaisy/build/libdaisy.a(stm32h7xx_ll_fmc.o)
 .ARM.attributes
                0x000000000800eb7e       0x32 ../../../libDaisy/build/libdaisy.a(stm32h7xx_ll_usb.o)
 .ARM.attributes
                0x000000000800ebb0       0x32 ../../../libDaisy/build/libdaisy.a(usbd_core.o)
 .ARM.attributes
                0x000000000800ebe2       0x32 ../../../libDaisy/build/libdaisy.a(usbd_ctlreq.o)
 .ARM.attributes
                0x000000000800ec14       0x32 ../../../libDaisy/build/libdaisy.a(usbd_ioreq.o)
 .ARM.attributes
                0x000000000800ec46       0x32 ../../../libDaisy/build/libdaisy.a(usbh_core.o)
 .ARM.attributes
                0x000000000800ec78       0x32 ../../../libDaisy/build/libdaisy.a(usbh_pipes.o)
 .ARM.attributes
                0x000000000800ecaa       0x32 ../../../libDaisy/build/libdaisy.a(rng.o)
 .ARM.attributes
                0x000000000800ecdc       0x32 ../../../libDaisy/build/libdaisy.a(spi.o)
 .ARM.attributes
                0x000000000800ed0e       0x32 ../../../libDaisy/build/libdaisy.a(tim.o)
 .ARM.attributes
                0x000000000800ed40       0x32 ../../../libDaisy/build/libdaisy.a(dma.o)
 .ARM.attributes
                0x000000000800ed72       0x32 ../../../libDaisy/build/libdaisy.a(stm32h7xx_hal_mdma.o)
 .ARM.attributes
                0x000000000800eda4       0x32 ../../../libDaisy/build/libdaisy.a(stm32h7xx_hal_spi.o)
 .ARM.attributes
                0x000000000800edd6       0x32 ../../../libDaisy/build/libdaisy.a(stm32h7xx_hal_tim.o)
 .ARM.attributes
                0x000000000800ee08       0x32 ../../../libDaisy/build/libdaisy.a(stm32h7xx_hal_tim_ex.o)
 .ARM.attributes
                0x000000000800ee3a       0x32 ../../../DaisySP/build/libdaisysp.a(oscillator.o)
 .ARM.attributes
                0x000000000800ee6c       0x32 /Applications/ARM/bin/../lib/gcc/arm-none-eabi/10.3.1/../../../../arm-none-eabi/lib/thumb/v7e-m+dp/hard/libstdc++_nano.a(atexit_arm.o)
 .ARM.attributes
                0x000000000800ee9e       0x32 /Applications/ARM/bin/../lib/gcc/arm-none-eabi/10.3.1/../../../../arm-none-eabi/lib/thumb/v7e-m+dp/hard/libm.a(lib_a-sinf.o)
 .ARM.attributes
                0x000000000800eed0       0x32 /Applications/ARM/bin/../lib/gcc/arm-none-eabi/10.3.1/../../../../arm-none-eabi/lib/thumb/v7e-m+dp/hard/libm.a(lib_a-wf_fmod.o)
 .ARM.attributes
                0x000000000800ef02       0x32 /Applications/ARM/bin/../lib/gcc/arm-none-eabi/10.3.1/../../../../arm-none-eabi/lib/thumb/v7e-m+dp/hard/libm.a(lib_a-ef_fmod.o)
 .ARM.attributes
                0x000000000800ef34       0x32 /Applications/ARM/bin/../lib/gcc/arm-none-eabi/10.3.1/../../../../arm-none-eabi/lib/thumb/v7e-m+dp/hard/libm.a(lib_a-math_errf.o)
 .ARM.attributes
                0x000000000800ef66       0x32 /Applications/ARM/bin/../lib/gcc/arm-none-eabi/10.3.1/../../../../arm-none-eabi/lib/thumb/v7e-m+dp/hard/libm.a(lib_a-sincosf_data.o)
 .ARM.attributes
                0x000000000800ef98       0x32 /Applications/ARM/bin/../lib/gcc/arm-none-eabi/10.3.1/../../../../arm-none-eabi/lib/thumb/v7e-m+dp/hard/libc_nano.a(lib_a-cxa_atexit.o)
 .ARM.attributes
                0x000000000800efca       0x32 /Applications/ARM/bin/../lib/gcc/arm-none-eabi/10.3.1/../../../../arm-none-eabi/lib/thumb/v7e-m+dp/hard/libc_nano.a(lib_a-errno.o)
 .ARM.attributes
                0x000000000800effc       0x32 /Applications/ARM/bin/../lib/gcc/arm-none-eabi/10.3.1/../../../../arm-none-eabi/lib/thumb/v7e-m+dp/hard/libc_nano.a(lib_a-impure.o)
 .ARM.attributes
                0x000000000800f02e       0x32 /Applications/ARM/bin/../lib/gcc/arm-none-eabi/10.3.1/../../../../arm-none-eabi/lib/thumb/v7e-m+dp/hard/libc_nano.a(lib_a-init.o)
 .ARM.attributes
                0x000000000800f060       0x32 /Applications/ARM/bin/../lib/gcc/arm-none-eabi/10.3.1/../../../../arm-none-eabi/lib/thumb/v7e-m+dp/hard/libc_nano.a(lib_a-memcpy-stub.o)
 .ARM.attributes
                0x000000000800f092       0x32 /Applications/ARM/bin/../lib/gcc/arm-none-eabi/10.3.1/../../../../arm-none-eabi/lib/thumb/v7e-m+dp/hard/libc_nano.a(lib_a-memset.o)
 .ARM.attributes
                0x000000000800f0c4       0x32 /Applications/ARM/bin/../lib/gcc/arm-none-eabi/10.3.1/../../../../arm-none-eabi/lib/thumb/v7e-m+dp/hard/libc_nano.a(lib_a-findfp.o)
 .ARM.attributes
                0x000000000800f0f6       0x1e /Applications/ARM/bin/../lib/gcc/arm-none-eabi/10.3.1/thumb/v7e-m+dp/hard/libgcc.a(_arm_addsubdf3.o)
 .ARM.attributes
                0x000000000800f114       0x1e /Applications/ARM/bin/../lib/gcc/arm-none-eabi/10.3.1/thumb/v7e-m+dp/hard/crtn.o

.preinit_array  0x000000000800e458        0x0
                0x000000000800e458                PROVIDE (__preinit_array_start = .)
 *(.preinit_array*)
                0x000000000800e458                PROVIDE (__preinit_array_end = .)

.init_array     0x000000000800e458       0x1c
                0x000000000800e458                PROVIDE (__init_array_start = .)
 *(SORT_BY_NAME(.init_array.*))
 *(.init_array*)
 .init_array    0x000000000800e458        0x4 /Applications/ARM/bin/../lib/gcc/arm-none-eabi/10.3.1/thumb/v7e-m+dp/hard/crtbegin.o
 .init_array    0x000000000800e45c        0x4 build/oscillator.o
 .init_array    0x000000000800e460        0x4 ../../../libDaisy/build/libdaisy.a(audio.o)
 .init_array    0x000000000800e464        0x4 ../../../libDaisy/build/libdaisy.a(i2c.o)
 .init_array    0x000000000800e468        0x4 ../../../libDaisy/build/libdaisy.a(qspi.o)